
There are no discarded input sections

Memory Configuration

Name             Origin             Length             Attributes
flash            0x08000000         0x00020000         xr
sram             0x20000000         0x00005000         xrw
*default*        0x00000000         0xffffffff

Linker script and memory map


.text           0x08000000      0x144
 *(.vectors*)
 .vectors       0x08000000       0x1c startup.o
                0x08000000                vectors
 *(.text)
 .text          0x0800001c       0x94 main.o
                0x0800001c                main
 .text          0x080000b0       0x90 startup.o
                0x080000b0                Bus_fault_handler
                0x080000b0                Default_handler
                0x080000b0                Usage_fault_handler
                0x080000b0                MM_fault_handler
                0x080000b0                H_fault_handler
                0x080000b0                NMI_handler
                0x080000bc                Reset_handler
 *(.rodata)
 .rodata        0x08000140        0x4 main.o
                0x08000140                R_ODR
                0x08000144                        . = ALIGN (0x4)
                0x08000144                        _E_text = .

.glue_7         0x08000144        0x0
 .glue_7        0x08000144        0x0 linker stubs

.glue_7t        0x08000144        0x0
 .glue_7t       0x08000144        0x0 linker stubs

.vfp11_veneer   0x08000144        0x0
 .vfp11_veneer  0x08000144        0x0 linker stubs

.v4_bx          0x08000144        0x0
 .v4_bx         0x08000144        0x0 linker stubs

.iplt           0x08000144        0x0
 .iplt          0x08000144        0x0 startup.o

.rel.dyn        0x08000144        0x0
 .rel.iplt      0x08000144        0x0 startup.o

.data           0x20000000        0x0 load address 0x08000144
                0x20000000                        _S_data = .
 *(.data)
 .data          0x20000000        0x0 main.o
 .data          0x20000000        0x0 startup.o
                0x20000000                        . = ALIGN (0x4)
                0x20000000                        _E_data = .

.igot.plt       0x20000000        0x0 load address 0x08000144
 .igot.plt      0x20000000        0x0 startup.o

.bss            0x20000000     0x1000 load address 0x08000144
                0x20000000                        . = ALIGN (0x4)
                0x20000000                        _S_bss = .
 *(.bss*)
 .bss           0x20000000        0x0 main.o
 .bss           0x20000000        0x0 startup.o
                0x20000000                        . = ALIGN (0x4)
                0x20000000                        _E_bss = .
                0x20001000                        . = (. + 0x1000)
 *fill*         0x20000000     0x1000 
                0x20001000                        . = ALIGN (0x4)
                0x20001000                        _stack_top = .
LOAD main.o
LOAD startup.o
OUTPUT(STM32F103C6_cortex-m3_02.elf elf32-littlearm)
LOAD linker stubs

.debug_info     0x00000000      0x2d5
 .debug_info    0x00000000      0x144 main.o
 .debug_info    0x00000144      0x191 startup.o

.debug_abbrev   0x00000000      0x1ce
 .debug_abbrev  0x00000000       0xeb main.o
 .debug_abbrev  0x000000eb       0xe3 startup.o

.debug_loc      0x00000000       0xb4
 .debug_loc     0x00000000       0x38 main.o
 .debug_loc     0x00000038       0x7c startup.o

.debug_aranges  0x00000000       0x40
 .debug_aranges
                0x00000000       0x20 main.o
 .debug_aranges
                0x00000020       0x20 startup.o

.debug_line     0x00000000      0x2d9
 .debug_line    0x00000000      0x173 main.o
 .debug_line    0x00000173      0x166 startup.o

.debug_str      0x00000000      0x1dd
 .debug_str     0x00000000      0x1dd main.o
                                0x19b (size before relaxing)
 .debug_str     0x000001dd      0x1e7 startup.o

.comment        0x00000000       0x44
 .comment       0x00000000       0x44 main.o
                                 0x45 (size before relaxing)
 .comment       0x00000044       0x45 startup.o

.ARM.attributes
                0x00000000       0x2d
 .ARM.attributes
                0x00000000       0x2d main.o
 .ARM.attributes
                0x0000002d       0x2d startup.o

.debug_frame    0x00000000       0x7c
 .debug_frame   0x00000000       0x2c main.o
 .debug_frame   0x0000002c       0x50 startup.o
