Archive member included to satisfy reference by file (symbol)

C:/ST/STM32CubeIDE_1.14.0/STM32CubeIDE/plugins/com.st.stm32cube.ide.mcu.externaltools.gnu-tools-for-stm32.12.3.rel1.win32_1.0.100.202403111256/tools/bin/../lib/gcc/arm-none-eabi/12.3.1/../../../../arm-none-eabi/lib/thumb/v7-m/nofp\libc_nano.a(libc_a-exit.o)
                              C:/ST/STM32CubeIDE_1.14.0/STM32CubeIDE/plugins/com.st.stm32cube.ide.mcu.externaltools.gnu-tools-for-stm32.12.3.rel1.win32_1.0.100.202403111256/tools/bin/../lib/gcc/arm-none-eabi/12.3.1/../../../../arm-none-eabi/lib/thumb/v7-m/nofp/crt0.o (exit)
C:/ST/STM32CubeIDE_1.14.0/STM32CubeIDE/plugins/com.st.stm32cube.ide.mcu.externaltools.gnu-tools-for-stm32.12.3.rel1.win32_1.0.100.202403111256/tools/bin/../lib/gcc/arm-none-eabi/12.3.1/../../../../arm-none-eabi/lib/thumb/v7-m/nofp\libc_nano.a(libc_a-findfp.o)
                              C:/ST/STM32CubeIDE_1.14.0/STM32CubeIDE/plugins/com.st.stm32cube.ide.mcu.externaltools.gnu-tools-for-stm32.12.3.rel1.win32_1.0.100.202403111256/tools/bin/../lib/gcc/arm-none-eabi/12.3.1/../../../../arm-none-eabi/lib/thumb/v7-m/nofp\libc_nano.a(libc_a-exit.o) (__stdio_exit_handler)
C:/ST/STM32CubeIDE_1.14.0/STM32CubeIDE/plugins/com.st.stm32cube.ide.mcu.externaltools.gnu-tools-for-stm32.12.3.rel1.win32_1.0.100.202403111256/tools/bin/../lib/gcc/arm-none-eabi/12.3.1/../../../../arm-none-eabi/lib/thumb/v7-m/nofp\libc_nano.a(libc_a-fwalk.o)
                              C:/ST/STM32CubeIDE_1.14.0/STM32CubeIDE/plugins/com.st.stm32cube.ide.mcu.externaltools.gnu-tools-for-stm32.12.3.rel1.win32_1.0.100.202403111256/tools/bin/../lib/gcc/arm-none-eabi/12.3.1/../../../../arm-none-eabi/lib/thumb/v7-m/nofp\libc_nano.a(libc_a-findfp.o) (_fwalk_sglue)
C:/ST/STM32CubeIDE_1.14.0/STM32CubeIDE/plugins/com.st.stm32cube.ide.mcu.externaltools.gnu-tools-for-stm32.12.3.rel1.win32_1.0.100.202403111256/tools/bin/../lib/gcc/arm-none-eabi/12.3.1/../../../../arm-none-eabi/lib/thumb/v7-m/nofp\libc_nano.a(libc_a-sprintf.o)
                              ./OFF-CHIP-DEVICES_DRIVERS/HD44780U-LCD_DRIVER/LCD.o (sprintf)
C:/ST/STM32CubeIDE_1.14.0/STM32CubeIDE/plugins/com.st.stm32cube.ide.mcu.externaltools.gnu-tools-for-stm32.12.3.rel1.win32_1.0.100.202403111256/tools/bin/../lib/gcc/arm-none-eabi/12.3.1/../../../../arm-none-eabi/lib/thumb/v7-m/nofp\libc_nano.a(libc_a-stdio.o)
                              C:/ST/STM32CubeIDE_1.14.0/STM32CubeIDE/plugins/com.st.stm32cube.ide.mcu.externaltools.gnu-tools-for-stm32.12.3.rel1.win32_1.0.100.202403111256/tools/bin/../lib/gcc/arm-none-eabi/12.3.1/../../../../arm-none-eabi/lib/thumb/v7-m/nofp\libc_nano.a(libc_a-findfp.o) (__sread)
C:/ST/STM32CubeIDE_1.14.0/STM32CubeIDE/plugins/com.st.stm32cube.ide.mcu.externaltools.gnu-tools-for-stm32.12.3.rel1.win32_1.0.100.202403111256/tools/bin/../lib/gcc/arm-none-eabi/12.3.1/../../../../arm-none-eabi/lib/thumb/v7-m/nofp\libc_nano.a(libc_a-memset.o)
                              C:/ST/STM32CubeIDE_1.14.0/STM32CubeIDE/plugins/com.st.stm32cube.ide.mcu.externaltools.gnu-tools-for-stm32.12.3.rel1.win32_1.0.100.202403111256/tools/bin/../lib/gcc/arm-none-eabi/12.3.1/../../../../arm-none-eabi/lib/thumb/v7-m/nofp/crt0.o (memset)
C:/ST/STM32CubeIDE_1.14.0/STM32CubeIDE/plugins/com.st.stm32cube.ide.mcu.externaltools.gnu-tools-for-stm32.12.3.rel1.win32_1.0.100.202403111256/tools/bin/../lib/gcc/arm-none-eabi/12.3.1/../../../../arm-none-eabi/lib/thumb/v7-m/nofp\libc_nano.a(libc_a-closer.o)
                              C:/ST/STM32CubeIDE_1.14.0/STM32CubeIDE/plugins/com.st.stm32cube.ide.mcu.externaltools.gnu-tools-for-stm32.12.3.rel1.win32_1.0.100.202403111256/tools/bin/../lib/gcc/arm-none-eabi/12.3.1/../../../../arm-none-eabi/lib/thumb/v7-m/nofp\libc_nano.a(libc_a-stdio.o) (_close_r)
C:/ST/STM32CubeIDE_1.14.0/STM32CubeIDE/plugins/com.st.stm32cube.ide.mcu.externaltools.gnu-tools-for-stm32.12.3.rel1.win32_1.0.100.202403111256/tools/bin/../lib/gcc/arm-none-eabi/12.3.1/../../../../arm-none-eabi/lib/thumb/v7-m/nofp\libc_nano.a(libc_a-reent.o)
                              C:/ST/STM32CubeIDE_1.14.0/STM32CubeIDE/plugins/com.st.stm32cube.ide.mcu.externaltools.gnu-tools-for-stm32.12.3.rel1.win32_1.0.100.202403111256/tools/bin/../lib/gcc/arm-none-eabi/12.3.1/../../../../arm-none-eabi/lib/thumb/v7-m/nofp\libc_nano.a(libc_a-closer.o) (errno)
C:/ST/STM32CubeIDE_1.14.0/STM32CubeIDE/plugins/com.st.stm32cube.ide.mcu.externaltools.gnu-tools-for-stm32.12.3.rel1.win32_1.0.100.202403111256/tools/bin/../lib/gcc/arm-none-eabi/12.3.1/../../../../arm-none-eabi/lib/thumb/v7-m/nofp\libc_nano.a(libc_a-impure.o)
                              C:/ST/STM32CubeIDE_1.14.0/STM32CubeIDE/plugins/com.st.stm32cube.ide.mcu.externaltools.gnu-tools-for-stm32.12.3.rel1.win32_1.0.100.202403111256/tools/bin/../lib/gcc/arm-none-eabi/12.3.1/../../../../arm-none-eabi/lib/thumb/v7-m/nofp\libc_nano.a(libc_a-sprintf.o) (_impure_ptr)
[...]
Memory Configuration

Name             Origin             Length             Attributes
RAM              0x20000000         0x00002800         xrw
FLASH            0x08000000         0x00008000         xr
*default*        0x00000000         0xffffffff

Linker script and memory map

LOAD C:/ST/STM32CubeIDE_1.14.0/STM32CubeIDE/plugins/com.st.stm32cube.ide.mcu.externaltools.gnu-tools-for-stm32.12.3.rel1.win32_1.0.100.202403111256/tools/bin/../lib/gcc/arm-none-eabi/12.3.1/thumb/v7-m/nofp/crti.o
LOAD C:/ST/STM32CubeIDE_1.14.0/STM32CubeIDE/plugins/com.st.stm32cube.ide.mcu.externaltools.gnu-tools-for-stm32.12.3.rel1.win32_1.0.100.202403111256/tools/bin/../lib/gcc/arm-none-eabi/12.3.1/thumb/v7-m/nofp/crtbegin.o
LOAD C:/ST/STM32CubeIDE_1.14.0/STM32CubeIDE/plugins/com.st.stm32cube.ide.mcu.externaltools.gnu-tools-for-stm32.12.3.rel1.win32_1.0.100.202403111256/tools/bin/../lib/gcc/arm-none-eabi/12.3.1/../../../../arm-none-eabi/lib/thumb/v7-m/nofp/crt0.o
LOAD ./OFF-CHIP-DEVICES_DRIVERS/4x4-KEYPAD_DRIVER/Keypad.o
LOAD ./OFF-CHIP-DEVICES_DRIVERS/HD44780U-LCD_DRIVER/LCD.o
LOAD ./OFF-CHIP-DEVICES_DRIVERS/SEVEN_SEGMENT_DRIVER/SEVEN_SEGMENT.o
LOAD ./STM32_F103C6TX_DRIVERS/EXTI/STM32F103x6_EXTI_Driver.o
LOAD ./STM32_F103C6TX_DRIVERS/GPIO/STM32F103x6_GPIO_Driver.o
LOAD ./Src/main.o
LOAD ./Src/syscalls.o
LOAD ./Src/sysmem.o
LOAD ./Startup/startup_stm32f103c6tx.o
START GROUP
LOAD C:/ST/STM32CubeIDE_1.14.0/STM32CubeIDE/plugins/com.st.stm32cube.ide.mcu.externaltools.gnu-tools-for-stm32.12.3.rel1.win32_1.0.100.202403111256/tools/bin/../lib/gcc/arm-none-eabi/12.3.1/../../../../arm-none-eabi/lib/thumb/v7-m/nofp\libc_nano.a
LOAD C:/ST/STM32CubeIDE_1.14.0/STM32CubeIDE/plugins/com.st.stm32cube.ide.mcu.externaltools.gnu-tools-for-stm32.12.3.rel1.win32_1.0.100.202403111256/tools/bin/../lib/gcc/arm-none-eabi/12.3.1/../../../../arm-none-eabi/lib/thumb/v7-m/nofp\libm.a
END GROUP
START GROUP
LOAD C:/ST/STM32CubeIDE_1.14.0/STM32CubeIDE/plugins/com.st.stm32cube.ide.mcu.externaltools.gnu-tools-for-stm32.12.3.rel1.win32_1.0.100.202403111256/tools/bin/../lib/gcc/arm-none-eabi/12.3.1/thumb/v7-m/nofp\libgcc.a
LOAD C:/ST/STM32CubeIDE_1.14.0/STM32CubeIDE/plugins/com.st.stm32cube.ide.mcu.externaltools.gnu-tools-for-stm32.12.3.rel1.win32_1.0.100.202403111256/tools/bin/../lib/gcc/arm-none-eabi/12.3.1/../../../../arm-none-eabi/lib/thumb/v7-m/nofp\libg_nano.a
LOAD C:/ST/STM32CubeIDE_1.14.0/STM32CubeIDE/plugins/com.st.stm32cube.ide.mcu.externaltools.gnu-tools-for-stm32.12.3.rel1.win32_1.0.100.202403111256/tools/bin/../lib/gcc/arm-none-eabi/12.3.1/../../../../arm-none-eabi/lib/thumb/v7-m/nofp\libc_nano.a
END GROUP
START GROUP
LOAD C:/ST/STM32CubeIDE_1.14.0/STM32CubeIDE/plugins/com.st.stm32cube.ide.mcu.externaltools.gnu-tools-for-stm32.12.3.rel1.win32_1.0.100.202403111256/tools/bin/../lib/gcc/arm-none-eabi/12.3.1/thumb/v7-m/nofp\libgcc.a
LOAD C:/ST/STM32CubeIDE_1.14.0/STM32CubeIDE/plugins/com.st.stm32cube.ide.mcu.externaltools.gnu-tools-for-stm32.12.3.rel1.win32_1.0.100.202403111256/tools/bin/../lib/gcc/arm-none-eabi/12.3.1/../../../../arm-none-eabi/lib/thumb/v7-m/nofp\libc_nano.a
LOAD C:/ST/STM32CubeIDE_1.14.0/STM32CubeIDE/plugins/com.st.stm32cube.ide.mcu.externaltools.gnu-tools-for-stm32.12.3.rel1.win32_1.0.100.202403111256/tools/bin/../lib/gcc/arm-none-eabi/12.3.1/../../../../arm-none-eabi/lib/thumb/v7-m/nofp\libnosys.a
END GROUP
START GROUP
LOAD C:/ST/STM32CubeIDE_1.14.0/STM32CubeIDE/plugins/com.st.stm32cube.ide.mcu.externaltools.gnu-tools-for-stm32.12.3.rel1.win32_1.0.100.202403111256/tools/bin/../lib/gcc/arm-none-eabi/12.3.1/thumb/v7-m/nofp\libgcc.a
LOAD C:/ST/STM32CubeIDE_1.14.0/STM32CubeIDE/plugins/com.st.stm32cube.ide.mcu.externaltools.gnu-tools-for-stm32.12.3.rel1.win32_1.0.100.202403111256/tools/bin/../lib/gcc/arm-none-eabi/12.3.1/../../../../arm-none-eabi/lib/thumb/v7-m/nofp\libc_nano.a
LOAD C:/ST/STM32CubeIDE_1.14.0/STM32CubeIDE/plugins/com.st.stm32cube.ide.mcu.externaltools.gnu-tools-for-stm32.12.3.rel1.win32_1.0.100.202403111256/tools/bin/../lib/gcc/arm-none-eabi/12.3.1/../../../../arm-none-eabi/lib/thumb/v7-m/nofp\libnosys.a
END GROUP
LOAD C:/ST/STM32CubeIDE_1.14.0/STM32CubeIDE/plugins/com.st.stm32cube.ide.mcu.externaltools.gnu-tools-for-stm32.12.3.rel1.win32_1.0.100.202403111256/tools/bin/../lib/gcc/arm-none-eabi/12.3.1/thumb/v7-m/nofp/crtend.o
LOAD C:/ST/STM32CubeIDE_1.14.0/STM32CubeIDE/plugins/com.st.stm32cube.ide.mcu.externaltools.gnu-tools-for-stm32.12.3.rel1.win32_1.0.100.202403111256/tools/bin/../lib/gcc/arm-none-eabi/12.3.1/thumb/v7-m/nofp/crtn.o
                0x20002800                        _estack = (ORIGIN (RAM) + LENGTH (RAM))
                0x00000200                        _Min_Heap_Size = 0x200
                0x00000400                        _Min_Stack_Size = 0x400

.isr_vector     0x08000000      0x130
                0x08000000                        . = ALIGN (0x4)
 *(.isr_vector)
 .isr_vector    0x08000000      0x130 ./Startup/startup_stm32f103c6tx.o
                0x08000000                g_pfnVectors
                0x08000130                        . = ALIGN (0x4)

.text           0x08000130      0xfbc
                0x08000130                        . = ALIGN (0x4)
 *(.text)
 .text          0x08000130       0x40 C:/ST/STM32CubeIDE_1.14.0/STM32CubeIDE/plugins/com.st.stm32cube.ide.mcu.externaltools.gnu-tools-for-stm32.12.3.rel1.win32_1.0.100.202403111256/tools/bin/../lib/gcc/arm-none-eabi/12.3.1/thumb/v7-m/nofp/crtbegin.o
 *(.text*)
 .text.LCD_Init
                0x08000170      0x114 ./OFF-CHIP-DEVICES_DRIVERS/HD44780U-LCD_DRIVER/LCD.o
                0x08000170                LCD_Init
 .text.LCD_Clear_Screen
                0x08000284        0xe ./OFF-CHIP-DEVICES_DRIVERS/HD44780U-LCD_DRIVER/LCD.o
                0x08000284                LCD_Clear_Screen
 *fill*         0x08000292        0x2 
 .text.LCD_Write_Command
                0x08000294       0xc4 ./OFF-CHIP-DEVICES_DRIVERS/HD44780U-LCD_DRIVER/LCD.o
                0x08000294                LCD_Write_Command
 .text.LCD_Write_Char
                0x08000358       0xc4 ./OFF-CHIP-DEVICES_DRIVERS/HD44780U-LCD_DRIVER/LCD.o
                0x08000358                LCD_Write_Char
 .text.LCD_Write_String
                0x0800041c       0x5a ./OFF-CHIP-DEVICES_DRIVERS/HD44780U-LCD_DRIVER/LCD.o
                0x0800041c                LCD_Write_String
 *fill*         0x08000476        0x2 
 .text.LCD_Check_Is_LCD_Busy
                0x08000478      0x120 ./OFF-CHIP-DEVICES_DRIVERS/HD44780U-LCD_DRIVER/LCD.o
                0x08000478                LCD_Check_Is_LCD_Busy
 .text.LCD_Kick
                0x08000598       0x2c ./OFF-CHIP-DEVICES_DRIVERS/HD44780U-LCD_DRIVER/LCD.o
                0x08000598                LCD_Kick
 .text.LCD_GoTo_XY
                0x080005c4       0x4a ./OFF-CHIP-DEVICES_DRIVERS/HD44780U-LCD_DRIVER/LCD.o
                0x080005c4                LCD_GoTo_XY
 *fill*         0x0800060e        0x2 
 .text.Enable_NVIC
                0x08000610      0x118 ./STM32_F103C6TX_DRIVERS/EXTI/STM32F103x6_EXTI_Driver.o
                0x08000610                Enable_NVIC
 .text.Disable_NVIC
                0x08000728      0x118 ./STM32_F103C6TX_DRIVERS/EXTI/STM32F103x6_EXTI_Driver.o
                0x08000728                Disable_NVIC
 .text.Update_EXTI
                0x08000840      0x1dc ./STM32_F103C6TX_DRIVERS/EXTI/STM32F103x6_EXTI_Driver.o
                0x08000840                Update_EXTI
 .text.MCAL_EXTI_Init
                0x08000a1c       0x16 ./STM32_F103C6TX_DRIVERS/EXTI/STM32F103x6_EXTI_Driver.o
                0x08000a1c                MCAL_EXTI_Init
 *fill*         0x08000a32        0x2 
 .text.EXTI0_IRQHandler
                0x08000a34       0x24 ./STM32_F103C6TX_DRIVERS/EXTI/STM32F103x6_EXTI_Driver.o
                0x08000a34                EXTI0_IRQHandler
 .text.EXTI1_IRQHandler
                0x08000a58       0x24 ./STM32_F103C6TX_DRIVERS/EXTI/STM32F103x6_EXTI_Driver.o
                0x08000a58                EXTI1_IRQHandler
 .text.EXTI2_IRQHandler
                0x08000a7c       0x24 ./STM32_F103C6TX_DRIVERS/EXTI/STM32F103x6_EXTI_Driver.o
                0x08000a7c                EXTI2_IRQHandler
 .text.EXTI3_IRQHandler
                0x08000aa0       0x24 ./STM32_F103C6TX_DRIVERS/EXTI/STM32F103x6_EXTI_Driver.o
                0x08000aa0                EXTI3_IRQHandler
 .text.EXTI4_IRQHandler
                0x08000ac4       0x24 ./STM32_F103C6TX_DRIVERS/EXTI/STM32F103x6_EXTI_Driver.o
                0x08000ac4                EXTI4_IRQHandler
 .text.EXTI9_5_IRQHandler
                0x08000ae8       0xa8 ./STM32_F103C6TX_DRIVERS/EXTI/STM32F103x6_EXTI_Driver.o
                0x08000ae8                EXTI9_5_IRQHandler
 .text.EXTI15_10_IRQHandler
                0x08000b90       0xc4 ./STM32_F103C6TX_DRIVERS/EXTI/STM32F103x6_EXTI_Driver.o
                0x08000b90                EXTI15_10_IRQHandler
 .text.Get_CRLH_Position
                0x08000c54      0x170 ./STM32_F103C6TX_DRIVERS/GPIO/STM32F103x6_GPIO_Driver.o
                0x08000c54                Get_CRLH_Position
 .text.MCAL_GPIO_Init
                0x08000dc4       0xf8 ./STM32_F103C6TX_DRIVERS/GPIO/STM32F103x6_GPIO_Driver.o
                0x08000dc4                MCAL_GPIO_Init
 .text.MCAL_GPIO_ReadPin
                0x08000ebc       0x32 ./STM32_F103C6TX_DRIVERS/GPIO/STM32F103x6_GPIO_Driver.o
                0x08000ebc                MCAL_GPIO_ReadPin
 .text.MCAL_GPIO_WritePin
                0x08000eee       0x2e ./STM32_F103C6TX_DRIVERS/GPIO/STM32F103x6_GPIO_Driver.o
                0x08000eee                MCAL_GPIO_WritePin
 .text.MCAL_GPIO_WritePort
                0x08000f1c       0x1c ./STM32_F103C6TX_DRIVERS/GPIO/STM32F103x6_GPIO_Driver.o
                0x08000f1c                MCAL_GPIO_WritePort
 .text._wait_ms
                0x08000f38       0x3a ./Src/main.o
                0x08000f38                _wait_ms
 *fill*         0x08000f72        0x2 
 .text.clock_init
                0x08000f74       0x34 ./Src/main.o
                0x08000f74                clock_init
 .text.EXTI_init
                0x08000fa8       0x3c ./Src/main.o
                0x08000fa8                EXTI_init
 .text.EXTI_L9_PB_IRQHandlerCallback
                0x08000fe4       0x24 ./Src/main.o
                0x08000fe4                EXTI_L9_PB_IRQHandlerCallback
 .text.main     0x08001008       0x30 ./Src/main.o
                0x08001008                main
 .text.Reset_Handler
                0x08001038       0x50 ./Startup/startup_stm32f103c6tx.o
                0x08001038                Reset_Handler
 .text.Default_Handler
                0x08001088        0x2 ./Startup/startup_stm32f103c6tx.o
                0x08001088                TIM8_TRG_COM_IRQHandler
                0x08001088                TIM8_CC_IRQHandler
                0x08001088                DebugMon_Handler
                0x08001088                TIM1_CC_IRQHandler
                0x08001088                HardFault_Handler
                0x08001088                TIM6_IRQHandler
                0x08001088                SysTick_Handler
                0x08001088                PVD_IRQHandler
                0x08001088                SDIO_IRQHandler
                0x08001088                PendSV_Handler
                0x08001088                NMI_Handler
                0x08001088                USB_HP_CAN_TX_IRQHandler
                0x08001088                I2C2_EV_IRQHandler
                0x08001088                UsageFault_Handler
                0x08001088                ADC1_2_IRQHandler
                0x08001088                SPI1_IRQHandler
                0x08001088                CAN_SCE_IRQHandler
                0x08001088                TAMPER_IRQHandler
                0x08001088                TIM8_UP_IRQHandler
                0x08001088                DMA2_Channel2_IRQHandler
                0x08001088                DMA1_Channel4_IRQHandler
                0x08001088                USART3_IRQHandler
                0x08001088                RTC_IRQHandler
                0x08001088                DMA1_Channel7_IRQHandler
                0x08001088                UART5_IRQHandler
                0x08001088                ADC3_IRQHandler
                0x08001088                TIM4_IRQHandler
                0x08001088                CAN_RX1_IRQHandler
                0x08001088                DMA2_Channel1_IRQHandler
                0x08001088                I2C1_EV_IRQHandler
                0x08001088                DMA1_Channel6_IRQHandler
                0x08001088                UART4_IRQHandler
                0x08001088                TIM3_IRQHandler
                0x08001088                RCC_IRQHandler
                0x08001088                TIM1_TRG_COM_IRQHandler
                0x08001088                DMA1_Channel1_IRQHandler
                0x08001088                Default_Handler
                0x08001088                TIM7_IRQHandler
                0x08001088                TIM5_IRQHandler
                0x08001088                SPI2_IRQHandler
                0x08001088                USB_LP_CAN_RX0_IRQHandler
                0x08001088                MemManage_Handler
                0x08001088                SVC_Handler
                0x08001088                DMA1_Channel5_IRQHandler
                0x08001088                DMA1_Channel3_IRQHandler
                0x08001088                FSMC_IRQHandler
                0x08001088                TIM1_UP_IRQHandler
                0x08001088                WWDG_IRQHandler
                0x08001088                TIM2_IRQHandler
                0x08001088                TIM1_BRK_IRQHandler
                0x08001088                RTCAlarm_IRQHandler
                0x08001088                DMA2_Channel4_5_IRQHandler
                0x08001088                USART2_IRQHandler
                0x08001088                I2C2_ER_IRQHandler
                0x08001088                DMA1_Channel2_IRQHandler
                0x08001088                TIM8_BRK_IRQHandler
                0x08001088                FLASH_IRQHandler
                0x08001088                BusFault_Handler
                0x08001088                USART1_IRQHandler
                0x08001088                SPI3_IRQHandler
                0x08001088                I2C1_ER_IRQHandler
                0x08001088                DMA2_Channel3_IRQHandler
 *fill*         0x0800108a        0x2 
 .text.__libc_init_array
                0x0800108c       0x48 C:/ST/STM32CubeIDE_1.14.0/STM32CubeIDE/plugins/com.st.stm32cube.ide.mcu.externaltools.gnu-tools-for-stm32.12.3.rel1.win32_1.0.100.202403111256/tools/bin/../lib/gcc/arm-none-eabi/12.3.1/../../../../arm-none-eabi/lib/thumb/v7-m/nofp\libc_nano.a(libc_a-init.o)
                0x0800108c                __libc_init_array
 *(.glue_7)
 .glue_7        0x080010d4        0x0 linker stubs
 *(.glue_7t)
 .glue_7t       0x080010d4        0x0 linker stubs
 *(.eh_frame)
 .eh_frame      0x080010d4        0x0 C:/ST/STM32CubeIDE_1.14.0/STM32CubeIDE/plugins/com.st.stm32cube.ide.mcu.externaltools.gnu-tools-for-stm32.12.3.rel1.win32_1.0.100.202403111256/tools/bin/../lib/gcc/arm-none-eabi/12.3.1/thumb/v7-m/nofp/crtbegin.o
 *(.init)
 .init          0x080010d4        0x4 C:/ST/STM32CubeIDE_1.14.0/STM32CubeIDE/plugins/com.st.stm32cube.ide.mcu.externaltools.gnu-tools-for-stm32.12.3.rel1.win32_1.0.100.202403111256/tools/bin/../lib/gcc/arm-none-eabi/12.3.1/thumb/v7-m/nofp/crti.o
                0x080010d4                _init
 .init          0x080010d8        0x8 C:/ST/STM32CubeIDE_1.14.0/STM32CubeIDE/plugins/com.st.stm32cube.ide.mcu.externaltools.gnu-tools-for-stm32.12.3.rel1.win32_1.0.100.202403111256/tools/bin/../lib/gcc/arm-none-eabi/12.3.1/thumb/v7-m/nofp/crtn.o
 *(.fini)
 .fini          0x080010e0        0x4 C:/ST/STM32CubeIDE_1.14.0/STM32CubeIDE/plugins/com.st.stm32cube.ide.mcu.externaltools.gnu-tools-for-stm32.12.3.rel1.win32_1.0.100.202403111256/tools/bin/../lib/gcc/arm-none-eabi/12.3.1/thumb/v7-m/nofp/crti.o
                0x080010e0                _fini
 .fini          0x080010e4        0x8 C:/ST/STM32CubeIDE_1.14.0/STM32CubeIDE/plugins/com.st.stm32cube.ide.mcu.externaltools.gnu-tools-for-stm32.12.3.rel1.win32_1.0.100.202403111256/tools/bin/../lib/gcc/arm-none-eabi/12.3.1/thumb/v7-m/nofp/crtn.o
                0x080010ec                        . = ALIGN (0x4)
                0x080010ec                        _etext = .

.vfp11_veneer   0x080010ec        0x0
 .vfp11_veneer  0x080010ec        0x0 linker stubs

.v4_bx          0x080010ec        0x0
 .v4_bx         0x080010ec        0x0 linker stubs

.iplt           0x080010ec        0x0
 .iplt          0x080010ec        0x0 C:/ST/STM32CubeIDE_1.14.0/STM32CubeIDE/plugins/com.st.stm32cube.ide.mcu.externaltools.gnu-tools-for-stm32.12.3.rel1.win32_1.0.100.202403111256/tools/bin/../lib/gcc/arm-none-eabi/12.3.1/thumb/v7-m/nofp/crtbegin.o

.rodata         0x080010ec       0x28
                0x080010ec                        . = ALIGN (0x4)
 *(.rodata)
 .rodata        0x080010ec       0x28 ./Src/main.o
 *(.rodata*)
                0x08001114                        . = ALIGN (0x4)

.ARM.extab      0x08001114        0x0
                0x08001114                        . = ALIGN (0x4)
 *(.ARM.extab* .gnu.linkonce.armextab.*)
                0x08001114                        . = ALIGN (0x4)

.ARM            0x08001114        0x0
                0x08001114                        . = ALIGN (0x4)
                0x08001114                        __exidx_start = .
 *(.ARM.exidx*)
                0x08001114                        __exidx_end = .
                0x08001114                        . = ALIGN (0x4)

.preinit_array  0x08001114        0x0
                0x08001114                        . = ALIGN (0x4)
                0x08001114                        PROVIDE (__preinit_array_start = .)
 *(.preinit_array*)
                0x08001114                        PROVIDE (__preinit_array_end = .)
                0x08001114                        . = ALIGN (0x4)

.init_array     0x08001114        0x4
                0x08001114                        . = ALIGN (0x4)
                0x08001114                        PROVIDE (__init_array_start = .)
 *(SORT_BY_NAME(.init_array.*))
 *(.init_array*)
 .init_array    0x08001114        0x4 C:/ST/STM32CubeIDE_1.14.0/STM32CubeIDE/plugins/com.st.stm32cube.ide.mcu.externaltools.gnu-tools-for-stm32.12.3.rel1.win32_1.0.100.202403111256/tools/bin/../lib/gcc/arm-none-eabi/12.3.1/thumb/v7-m/nofp/crtbegin.o
                0x08001118                        PROVIDE (__init_array_end = .)
                0x08001118                        . = ALIGN (0x4)

.fini_array     0x08001118        0x4
                0x08001118                        . = ALIGN (0x4)
                [!provide]                        PROVIDE (__fini_array_start = .)
 *(SORT_BY_NAME(.fini_array.*))
 *(.fini_array*)
 .fini_array    0x08001118        0x4 C:/ST/STM32CubeIDE_1.14.0/STM32CubeIDE/plugins/com.st.stm32cube.ide.mcu.externaltools.gnu-tools-for-stm32.12.3.rel1.win32_1.0.100.202403111256/tools/bin/../lib/gcc/arm-none-eabi/12.3.1/thumb/v7-m/nofp/crtbegin.o
                [!provide]                        PROVIDE (__fini_array_end = .)
                0x0800111c                        . = ALIGN (0x4)
                0x0800111c                        _sidata = LOADADDR (.data)

.rel.dyn        0x0800111c        0x0
 .rel.iplt      0x0800111c        0x0 C:/ST/STM32CubeIDE_1.14.0/STM32CubeIDE/plugins/com.st.stm32cube.ide.mcu.externaltools.gnu-tools-for-stm32.12.3.rel1.win32_1.0.100.202403111256/tools/bin/../lib/gcc/arm-none-eabi/12.3.1/thumb/v7-m/nofp/crtbegin.o

.data           0x20000000        0x0 load address 0x0800111c
                0x20000000                        . = ALIGN (0x4)
                0x20000000                        _sdata = .
 *(.data)
 *(.data*)
 *(.RamFunc)
 *(.RamFunc*)
                0x20000000                        . = ALIGN (0x4)
                0x20000000                        _edata = .

.igot.plt       0x20000000        0x0 load address 0x0800111c
 .igot.plt      0x20000000        0x0 C:/ST/STM32CubeIDE_1.14.0/STM32CubeIDE/plugins/com.st.stm32cube.ide.mcu.externaltools.gnu-tools-for-stm32.12.3.rel1.win32_1.0.100.202403111256/tools/bin/../lib/gcc/arm-none-eabi/12.3.1/thumb/v7-m/nofp/crtbegin.o
                0x20000000                        . = ALIGN (0x4)

.bss            0x20000000       0x64 load address 0x0800111c
                0x20000000                        _sbss = .
                0x20000000                        __bss_start__ = _sbss
 *(.bss)
 .bss           0x20000000       0x1c C:/ST/STM32CubeIDE_1.14.0/STM32CubeIDE/plugins/com.st.stm32cube.ide.mcu.externaltools.gnu-tools-for-stm32.12.3.rel1.win32_1.0.100.202403111256/tools/bin/../lib/gcc/arm-none-eabi/12.3.1/thumb/v7-m/nofp/crtbegin.o
 *(.bss*)
 .bss.pin       0x2000001c        0x4 ./OFF-CHIP-DEVICES_DRIVERS/HD44780U-LCD_DRIVER/LCD.o
 .bss.GP_IRQ_Callback
                0x20000020       0x40 ./STM32_F103C6TX_DRIVERS/EXTI/STM32F103x6_EXTI_Driver.o
                0x20000020                GP_IRQ_Callback
 .bss.IRQ_Flag  0x20000060        0x4 ./Src/main.o
                0x20000060                IRQ_Flag
 *(COMMON)
                0x20000064                        . = ALIGN (0x4)
                0x20000064                        _ebss = .
                0x20000064                        __bss_end__ = _ebss

._user_heap_stack
                0x20000064      0x604 load address 0x0800111c
                0x20000068                        . = ALIGN (0x8)
 *fill*         0x20000064        0x4 
                [!provide]                        PROVIDE (end = .)
                0x20000068                        PROVIDE (_end = .)
                0x20000268                        . = (. + _Min_Heap_Size)
 *fill*         0x20000068      0x200 
                0x20000668                        . = (. + _Min_Stack_Size)
 *fill*         0x20000268      0x400 
                0x20000668                        . = ALIGN (0x8)

/DISCARD/
 libc.a(*)
 libm.a(*)
 libgcc.a(*)

.ARM.attributes
                0x00000000       0x29
 *(.ARM.attributes)
 .ARM.attributes
                0x00000000       0x1d C:/ST/STM32CubeIDE_1.14.0/STM32CubeIDE/plugins/com.st.stm32cube.ide.mcu.externaltools.gnu-tools-for-stm32.12.3.rel1.win32_1.0.100.202403111256/tools/bin/../lib/gcc/arm-none-eabi/12.3.1/thumb/v7-m/nofp/crti.o
 .ARM.attributes
                0x0000001d       0x2d C:/ST/STM32CubeIDE_1.14.0/STM32CubeIDE/plugins/com.st.stm32cube.ide.mcu.externaltools.gnu-tools-for-stm32.12.3.rel1.win32_1.0.100.202403111256/tools/bin/../lib/gcc/arm-none-eabi/12.3.1/thumb/v7-m/nofp/crtbegin.o
 .ARM.attributes
                0x0000004a       0x2d ./OFF-CHIP-DEVICES_DRIVERS/HD44780U-LCD_DRIVER/LCD.o
 .ARM.attributes
                0x00000077       0x2d ./STM32_F103C6TX_DRIVERS/EXTI/STM32F103x6_EXTI_Driver.o
 .ARM.attributes
                0x000000a4       0x2d ./STM32_F103C6TX_DRIVERS/GPIO/STM32F103x6_GPIO_Driver.o
 .ARM.attributes
                0x000000d1       0x2d ./Src/main.o
 .ARM.attributes
                0x000000fe       0x21 ./Startup/startup_stm32f103c6tx.o
 .ARM.attributes
                0x0000011f       0x2d C:/ST/STM32CubeIDE_1.14.0/STM32CubeIDE/plugins/com.st.stm32cube.ide.mcu.externaltools.gnu-tools-for-stm32.12.3.rel1.win32_1.0.100.202403111256/tools/bin/../lib/gcc/arm-none-eabi/12.3.1/../../../../arm-none-eabi/lib/thumb/v7-m/nofp\libc_nano.a(libc_a-init.o)
 .ARM.attributes
                0x0000014c       0x1d C:/ST/STM32CubeIDE_1.14.0/STM32CubeIDE/plugins/com.st.stm32cube.ide.mcu.externaltools.gnu-tools-for-stm32.12.3.rel1.win32_1.0.100.202403111256/tools/bin/../lib/gcc/arm-none-eabi/12.3.1/thumb/v7-m/nofp/crtn.o
OUTPUT(DRIVERS4.elf elf32-littlearm)
LOAD linker stubs
LOAD C:/ST/STM32CubeIDE_1.14.0/STM32CubeIDE/plugins/com.st.stm32cube.ide.mcu.externaltools.gnu-tools-for-stm32.12.3.rel1.win32_1.0.100.202403111256/tools/bin/../lib/gcc/arm-none-eabi/12.3.1/../../../../arm-none-eabi/lib/thumb/v7-m/nofp\libc.a
LOAD C:/ST/STM32CubeIDE_1.14.0/STM32CubeIDE/plugins/com.st.stm32cube.ide.mcu.externaltools.gnu-tools-for-stm32.12.3.rel1.win32_1.0.100.202403111256/tools/bin/../lib/gcc/arm-none-eabi/12.3.1/../../../../arm-none-eabi/lib/thumb/v7-m/nofp\libm.a
LOAD C:/ST/STM32CubeIDE_1.14.0/STM32CubeIDE/plugins/com.st.stm32cube.ide.mcu.externaltools.gnu-tools-for-stm32.12.3.rel1.win32_1.0.100.202403111256/tools/bin/../lib/gcc/arm-none-eabi/12.3.1/thumb/v7-m/nofp\libgcc.a

.debug_info     0x00000000     0x12a7
 .debug_info    0x00000000      0x49e ./OFF-CHIP-DEVICES_DRIVERS/HD44780U-LCD_DRIVER/LCD.o
 .debug_info    0x0000049e      0x52d ./STM32_F103C6TX_DRIVERS/EXTI/STM32F103x6_EXTI_Driver.o
 .debug_info    0x000009cb      0x4c8 ./STM32_F103C6TX_DRIVERS/GPIO/STM32F103x6_GPIO_Driver.o
 .debug_info    0x00000e93      0x3e4 ./Src/main.o
 .debug_info    0x00001277       0x30 ./Startup/startup_stm32f103c6tx.o

.debug_abbrev   0x00000000      0x63c
 .debug_abbrev  0x00000000      0x1ba ./OFF-CHIP-DEVICES_DRIVERS/HD44780U-LCD_DRIVER/LCD.o
 .debug_abbrev  0x000001ba      0x187 ./STM32_F103C6TX_DRIVERS/EXTI/STM32F103x6_EXTI_Driver.o
 .debug_abbrev  0x00000341      0x16f ./STM32_F103C6TX_DRIVERS/GPIO/STM32F103x6_GPIO_Driver.o
 .debug_abbrev  0x000004b0      0x16f ./Src/main.o
 .debug_abbrev  0x0000061f       0x1d ./Startup/startup_stm32f103c6tx.o

.debug_loc      0x00000000      0xa56
 .debug_loc     0x00000000      0x2be ./OFF-CHIP-DEVICES_DRIVERS/HD44780U-LCD_DRIVER/LCD.o
 .debug_loc     0x000002be      0x320 ./STM32_F103C6TX_DRIVERS/EXTI/STM32F103x6_EXTI_Driver.o
 .debug_loc     0x000005de      0x330 ./STM32_F103C6TX_DRIVERS/GPIO/STM32F103x6_GPIO_Driver.o
 .debug_loc     0x0000090e      0x148 ./Src/main.o

.debug_aranges  0x00000000      0x1b8
 .debug_aranges
                0x00000000       0x70 ./OFF-CHIP-DEVICES_DRIVERS/HD44780U-LCD_DRIVER/LCD.o
 .debug_aranges
                0x00000070       0x80 ./STM32_F103C6TX_DRIVERS/EXTI/STM32F103x6_EXTI_Driver.o
 .debug_aranges
                0x000000f0       0x60 ./STM32_F103C6TX_DRIVERS/GPIO/STM32F103x6_GPIO_Driver.o
 .debug_aranges
                0x00000150       0x40 ./Src/main.o
 .debug_aranges
                0x00000190       0x28 ./Startup/startup_stm32f103c6tx.o

.debug_ranges   0x00000000      0x170
 .debug_ranges  0x00000000       0x60 ./OFF-CHIP-DEVICES_DRIVERS/HD44780U-LCD_DRIVER/LCD.o
 .debug_ranges  0x00000060       0x70 ./STM32_F103C6TX_DRIVERS/EXTI/STM32F103x6_EXTI_Driver.o
 .debug_ranges  0x000000d0       0x50 ./STM32_F103C6TX_DRIVERS/GPIO/STM32F103x6_GPIO_Driver.o
 .debug_ranges  0x00000120       0x30 ./Src/main.o
 .debug_ranges  0x00000150       0x20 ./Startup/startup_stm32f103c6tx.o

.debug_macro    0x00000000      0xb5c
 .debug_macro   0x00000000      0x19f ./OFF-CHIP-DEVICES_DRIVERS/HD44780U-LCD_DRIVER/LCD.o
 .debug_macro   0x0000019f       0xac ./OFF-CHIP-DEVICES_DRIVERS/HD44780U-LCD_DRIVER/LCD.o
 .debug_macro   0x0000024b      0x1b5 ./STM32_F103C6TX_DRIVERS/EXTI/STM32F103x6_EXTI_Driver.o
 .debug_macro   0x00000400       0xd6 ./STM32_F103C6TX_DRIVERS/EXTI/STM32F103x6_EXTI_Driver.o
 .debug_macro   0x000004d6      0x298 ./STM32_F103C6TX_DRIVERS/EXTI/STM32F103x6_EXTI_Driver.o
 .debug_macro   0x0000076e      0x190 ./STM32_F103C6TX_DRIVERS/GPIO/STM32F103x6_GPIO_Driver.o
 .debug_macro   0x000008fe      0x1ac ./Src/main.o
 .debug_macro   0x00000aaa       0xb2 ./Src/main.o

.debug_line     0x00000000     0x24d3
 .debug_line    0x00000000      0x99d ./OFF-CHIP-DEVICES_DRIVERS/HD44780U-LCD_DRIVER/LCD.o
 .debug_line    0x0000099d      0xade ./STM32_F103C6TX_DRIVERS/EXTI/STM32F103x6_EXTI_Driver.o
 .debug_line    0x0000147b      0x885 ./STM32_F103C6TX_DRIVERS/GPIO/STM32F103x6_GPIO_Driver.o
 .debug_line    0x00001d00      0x74f ./Src/main.o
 .debug_line    0x0000244f       0x84 ./Startup/startup_stm32f103c6tx.o

.debug_str      0x00000000     0xa08e
 .debug_str     0x00000000     0x8646 ./OFF-CHIP-DEVICES_DRIVERS/HD44780U-LCD_DRIVER/LCD.o
                               0x887d (size before relaxing)
 .debug_str     0x00008646     0x184a ./STM32_F103C6TX_DRIVERS/EXTI/STM32F103x6_EXTI_Driver.o
                               0x9c83 (size before relaxing)
 .debug_str     0x00009e90      0x11f ./STM32_F103C6TX_DRIVERS/GPIO/STM32F103x6_GPIO_Driver.o
                               0x859f (size before relaxing)
 .debug_str     0x00009faf       0x54 ./Src/main.o
                               0x9d5b (size before relaxing)
 .debug_str     0x0000a003       0x8b ./Startup/startup_stm32f103c6tx.o

.comment        0x00000000       0x43
 .comment       0x00000000       0x43 ./OFF-CHIP-DEVICES_DRIVERS/HD44780U-LCD_DRIVER/LCD.o
                                 0x44 (size before relaxing)
 .comment       0x00000043       0x44 ./STM32_F103C6TX_DRIVERS/EXTI/STM32F103x6_EXTI_Driver.o
 .comment       0x00000043       0x44 ./STM32_F103C6TX_DRIVERS/GPIO/STM32F103x6_GPIO_Driver.o
 .comment       0x00000043       0x44 ./Src/main.o

.debug_frame    0x00000000      0x580
 .debug_frame   0x00000000      0x17c ./OFF-CHIP-DEVICES_DRIVERS/HD44780U-LCD_DRIVER/LCD.o
 .debug_frame   0x0000017c      0x1b0 ./STM32_F103C6TX_DRIVERS/EXTI/STM32F103x6_EXTI_Driver.o
 .debug_frame   0x0000032c      0x174 ./STM32_F103C6TX_DRIVERS/GPIO/STM32F103x6_GPIO_Driver.o
 .debug_frame   0x000004a0       0xb4 ./Src/main.o
 .debug_frame   0x00000554       0x2c C:/ST/STM32CubeIDE_1.14.0/STM32CubeIDE/plugins/com.st.stm32cube.ide.mcu.externaltools.gnu-tools-for-stm32.12.3.rel1.win32_1.0.100.202403111256/tools/bin/../lib/gcc/arm-none-eabi/12.3.1/../../../../arm-none-eabi/lib/thumb/v7-m/nofp\libc_nano.a(libc_a-init.o)
