
There are no discarded input sections

Memory Configuration

Name             Origin             Length             Attributes
flash            0x08000000         0x00020000         xr
sram             0x20000000         0x00005000         xrw
*default*        0x00000000         0xffffffff

Linker script and memory map


.text           0x08000000      0x144
 *(.vectors*)
 .vectors       0x08000000       0x1c startup.o
                0x08000000                vectors
 *(.text)
 .text          0x0800001c       0x90 main.o
                0x0800001c                NMI_handler
                0x08000028                Bus_fault_handler
                0x08000034                main
 .text          0x080000ac       0x90 startup.o
                0x080000ac                Usage_fault_handler
                0x080000ac                MM_fault_handler
                0x080000ac                H_fault_handler
                0x080000ac                Default_handler
                0x080000b8                Reset_handler
 *(.rodata)
 .rodata        0x0800013c        0x7 main.o
                0x0800013c                R_ODR
                0x08000140                g_const_variables
                0x08000144                        . = ALIGN (0x4)
 *fill*         0x08000143        0x1 
                0x08000144                        _E_text = .

.glue_7         0x08000144        0x0
 .glue_7        0x08000144        0x0 linker stubs

.glue_7t        0x08000144        0x0
 .glue_7t       0x08000144        0x0 linker stubs

.vfp11_veneer   0x08000144        0x0
 .vfp11_veneer  0x08000144        0x0 linker stubs

.v4_bx          0x08000144        0x0
 .v4_bx         0x08000144        0x0 linker stubs

.iplt           0x08000144        0x0
 .iplt          0x08000144        0x0 startup.o

.rel.dyn        0x08000144        0x0
 .rel.iplt      0x08000144        0x0 startup.o

.data           0x20000000        0x4 load address 0x08000144
                0x20000000                        _S_data = .
 *(.data)
 .data          0x20000000        0x3 main.o
                0x20000000                g_variables
 .data          0x20000003        0x0 startup.o
                0x20000004                        . = ALIGN (0x4)
 *fill*         0x20000003        0x1 
                0x20000004                        _E_data = .

.igot.plt       0x20000004        0x0 load address 0x08000148
 .igot.plt      0x20000004        0x0 startup.o

.bss            0x20000004     0x1000 load address 0x08000148
                0x20000004                        . = ALIGN (0x4)
                0x20000004                        _S_bss = .
 *(.bss*)
 .bss           0x20000004        0x0 main.o
 .bss           0x20000004        0x0 startup.o
                0x20000004                        . = ALIGN (0x4)
                0x20000004                        _E_bss = .
                0x20001004                        . = (. + 0x1000)
 *fill*         0x20000004     0x1000 
                0x20001004                        . = ALIGN (0x4)
                0x20001004                        _stack_top = .
LOAD main.o
LOAD startup.o
OUTPUT(LED_toggle_STM32F103C6_cortex-m3.elf elf32-littlearm)
LOAD linker stubs

.debug_info     0x00000000      0x357
 .debug_info    0x00000000      0x1c6 main.o
 .debug_info    0x000001c6      0x191 startup.o

.debug_abbrev   0x00000000      0x1fc
 .debug_abbrev  0x00000000      0x119 main.o
 .debug_abbrev  0x00000119       0xe3 startup.o

.debug_loc      0x00000000      0x13c
 .debug_loc     0x00000000       0xc0 main.o
 .debug_loc     0x000000c0       0x7c startup.o

.debug_aranges  0x00000000       0x40
 .debug_aranges
                0x00000000       0x20 main.o
 .debug_aranges
                0x00000020       0x20 startup.o

.debug_line     0x00000000      0x326
 .debug_line    0x00000000      0x1c0 main.o
 .debug_line    0x000001c0      0x166 startup.o

.debug_str      0x00000000      0x207
 .debug_str     0x00000000      0x207 main.o
                                0x1c5 (size before relaxing)
 .debug_str     0x00000207      0x1d5 startup.o

.comment        0x00000000       0x44
 .comment       0x00000000       0x44 main.o
                                 0x45 (size before relaxing)
 .comment       0x00000044       0x45 startup.o

.ARM.attributes
                0x00000000       0x2d
 .ARM.attributes
                0x00000000       0x2d main.o
 .ARM.attributes
                0x0000002d       0x2d startup.o

.debug_frame    0x00000000       0xbc
 .debug_frame   0x00000000       0x6c main.o
 .debug_frame   0x0000006c       0x50 startup.o
