Archive member included to satisfy reference by file (symbol)

C:/ST/STM32CubeIDE_1.14.0/STM32CubeIDE/plugins/com.st.stm32cube.ide.mcu.externaltools.gnu-tools-for-stm32.12.3.rel1.win32_1.0.100.202403111256/tools/bin/../lib/gcc/arm-none-eabi/12.3.1/../../../../arm-none-eabi/lib/thumb/v7-m/nofp\libc_nano.a(libc_a-exit.o)
                              C:/ST/STM32CubeIDE_1.14.0/STM32CubeIDE/plugins/com.st.stm32cube.ide.mcu.externaltools.gnu-tools-for-stm32.12.3.rel1.win32_1.0.100.202403111256/tools/bin/../lib/gcc/arm-none-eabi/12.3.1/../../../../arm-none-eabi/lib/thumb/v7-m/nofp/crt0.o (exit)
C:/ST/STM32CubeIDE_1.14.0/STM32CubeIDE/plugins/com.st.stm32cube.ide.mcu.externaltools.gnu-tools-for-stm32.12.3.rel1.win32_1.0.100.202403111256/tools/bin/../lib/gcc/arm-none-eabi/12.3.1/../../../../arm-none-eabi/lib/thumb/v7-m/nofp\libc_nano.a(libc_a-findfp.o)
                              C:/ST/STM32CubeIDE_1.14.0/STM32CubeIDE/plugins/com.st.stm32cube.ide.mcu.externaltools.gnu-tools-for-stm32.12.3.rel1.win32_1.0.100.202403111256/tools/bin/../lib/gcc/arm-none-eabi/12.3.1/../../../../arm-none-eabi/lib/thumb/v7-m/nofp\libc_nano.a(libc_a-exit.o) (__stdio_exit_handler)
C:/ST/STM32CubeIDE_1.14.0/STM32CubeIDE/plugins/com.st.stm32cube.ide.mcu.externaltools.gnu-tools-for-stm32.12.3.rel1.win32_1.0.100.202403111256/tools/bin/../lib/gcc/arm-none-eabi/12.3.1/../../../../arm-none-eabi/lib/thumb/v7-m/nofp\libc_nano.a(libc_a-fwalk.o)
                              C:/ST/STM32CubeIDE_1.14.0/STM32CubeIDE/plugins/com.st.stm32cube.ide.mcu.externaltools.gnu-tools-for-stm32.12.3.rel1.win32_1.0.100.202403111256/tools/bin/../lib/gcc/arm-none-eabi/12.3.1/../../../../arm-none-eabi/lib/thumb/v7-m/nofp\libc_nano.a(libc_a-findfp.o) (_fwalk_sglue)
C:/ST/STM32CubeIDE_1.14.0/STM32CubeIDE/plugins/com.st.stm32cube.ide.mcu.externaltools.gnu-tools-for-stm32.12.3.rel1.win32_1.0.100.202403111256/tools/bin/../lib/gcc/arm-none-eabi/12.3.1/../../../../arm-none-eabi/lib/thumb/v7-m/nofp\libc_nano.a(libc_a-sprintf.o)
                              ./OFF-CHIP-DEVICES_DRIVERS/HD44780U-LCD_DRIVER/LCD.o (sprintf)
C:/ST/STM32CubeIDE_1.14.0/STM32CubeIDE/plugins/com.st.stm32cube.ide.mcu.externaltools.gnu-tools-for-stm32.12.3.rel1.win32_1.0.100.202403111256/tools/bin/../lib/gcc/arm-none-eabi/12.3.1/../../../../arm-none-eabi/lib/thumb/v7-m/nofp\libc_nano.a(libc_a-stdio.o)
                              C:/ST/STM32CubeIDE_1.14.0/STM32CubeIDE/plugins/com.st.stm32cube.ide.mcu.externaltools.gnu-tools-for-stm32.12.3.rel1.win32_1.0.100.202403111256/tools/bin/../lib/gcc/arm-none-eabi/12.3.1/../../../../arm-none-eabi/lib/thumb/v7-m/nofp\libc_nano.a(libc_a-findfp.o) (__sread)
C:/ST/STM32CubeIDE_1.14.0/STM32CubeIDE/plugins/com.st.stm32cube.ide.mcu.externaltools.gnu-tools-for-stm32.12.3.rel1.win32_1.0.100.202403111256/tools/bin/../lib/gcc/arm-none-eabi/12.3.1/../../../../arm-none-eabi/lib/thumb/v7-m/nofp\libc_nano.a(libc_a-memset.o)
                              C:/ST/STM32CubeIDE_1.14.0/STM32CubeIDE/plugins/com.st.stm32cube.ide.mcu.externaltools.gnu-tools-for-stm32.12.3.rel1.win32_1.0.100.202403111256/tools/bin/../lib/gcc/arm-none-eabi/12.3.1/../../../../arm-none-eabi/lib/thumb/v7-m/nofp/crt0.o (memset)
C:/ST/STM32CubeIDE_1.14.0/STM32CubeIDE/plugins/com.st.stm32cube.ide.mcu.externaltools.gnu-tools-for-stm32.12.3.rel1.win32_1.0.100.202403111256/tools/bin/../lib/gcc/arm-none-eabi/12.3.1/../../../../arm-none-eabi/lib/thumb/v7-m/nofp\libc_nano.a(libc_a-closer.o)
                              C:/ST/STM32CubeIDE_1.14.0/STM32CubeIDE/plugins/com.st.stm32cube.ide.mcu.externaltools.gnu-tools-for-stm32.12.3.rel1.win32_1.0.100.202403111256/tools/bin/../lib/gcc/arm-none-eabi/12.3.1/../../../../arm-none-eabi/lib/thumb/v7-m/nofp\libc_nano.a(libc_a-stdio.o) (_close_r)
C:/ST/STM32CubeIDE_1.14.0/STM32CubeIDE/plugins/com.st.stm32cube.ide.mcu.externaltools.gnu-tools-for-stm32.12.3.rel1.win32_1.0.100.202403111256/tools/bin/../lib/gcc/arm-none-eabi/12.3.1/../../../../arm-none-eabi/lib/thumb/v7-m/nofp\libc_nano.a(libc_a-reent.o)
                              C:/ST/STM32CubeIDE_1.14.0/STM32CubeIDE/plugins/com.st.stm32cube.ide.mcu.externaltools.gnu-tools-for-stm32.12.3.rel1.win32_1.0.100.202403111256/tools/bin/../lib/gcc/arm-none-eabi/12.3.1/../../../../arm-none-eabi/lib/thumb/v7-m/nofp\libc_nano.a(libc_a-closer.o) (errno)
C:/ST/STM32CubeIDE_1.14.0/STM32CubeIDE/plugins/com.st.stm32cube.ide.mcu.externaltools.gnu-tools-for-stm32.12.3.rel1.win32_1.0.100.202403111256/tools/bin/../lib/gcc/arm-none-eabi/12.3.1/../../../../arm-none-eabi/lib/thumb/v7-m/nofp\libc_nano.a(libc_a-impure.o)
                              C:/ST/STM32CubeIDE_1.14.0/STM32CubeIDE/plugins/com.st.stm32cube.ide.mcu.externaltools.gnu-tools-for-stm32.12.3.rel1.win32_1.0.100.202403111256/tools/bin/../lib/gcc/arm-none-eabi/12.3.1/../../../../arm-none-eabi/lib/thumb/v7-m/nofp\libc_nano.a(libc_a-sprintf.o) (_impure_ptr)
[...]
Memory Configuration

Name             Origin             Length             Attributes
RAM              0x20000000         0x00002800         xrw
FLASH            0x08000000         0x00008000         xr
*default*        0x00000000         0xffffffff

Linker script and memory map

LOAD C:/ST/STM32CubeIDE_1.14.0/STM32CubeIDE/plugins/com.st.stm32cube.ide.mcu.externaltools.gnu-tools-for-stm32.12.3.rel1.win32_1.0.100.202403111256/tools/bin/../lib/gcc/arm-none-eabi/12.3.1/thumb/v7-m/nofp/crti.o
LOAD C:/ST/STM32CubeIDE_1.14.0/STM32CubeIDE/plugins/com.st.stm32cube.ide.mcu.externaltools.gnu-tools-for-stm32.12.3.rel1.win32_1.0.100.202403111256/tools/bin/../lib/gcc/arm-none-eabi/12.3.1/thumb/v7-m/nofp/crtbegin.o
LOAD C:/ST/STM32CubeIDE_1.14.0/STM32CubeIDE/plugins/com.st.stm32cube.ide.mcu.externaltools.gnu-tools-for-stm32.12.3.rel1.win32_1.0.100.202403111256/tools/bin/../lib/gcc/arm-none-eabi/12.3.1/../../../../arm-none-eabi/lib/thumb/v7-m/nofp/crt0.o
LOAD ./OFF-CHIP-DEVICES_DRIVERS/4x4-KEYPAD_DRIVER/Keypad.o
LOAD ./OFF-CHIP-DEVICES_DRIVERS/HD44780U-LCD_DRIVER/LCD.o
LOAD ./STM32_F103C6TX_DRIVERS/GPIO/STM32F103x6_GPIO_Driver.o
LOAD ./Src/main.o
LOAD ./Src/syscalls.o
LOAD ./Src/sysmem.o
LOAD ./Startup/startup_stm32f103c6tx.o
START GROUP
LOAD C:/ST/STM32CubeIDE_1.14.0/STM32CubeIDE/plugins/com.st.stm32cube.ide.mcu.externaltools.gnu-tools-for-stm32.12.3.rel1.win32_1.0.100.202403111256/tools/bin/../lib/gcc/arm-none-eabi/12.3.1/../../../../arm-none-eabi/lib/thumb/v7-m/nofp\libc_nano.a
LOAD C:/ST/STM32CubeIDE_1.14.0/STM32CubeIDE/plugins/com.st.stm32cube.ide.mcu.externaltools.gnu-tools-for-stm32.12.3.rel1.win32_1.0.100.202403111256/tools/bin/../lib/gcc/arm-none-eabi/12.3.1/../../../../arm-none-eabi/lib/thumb/v7-m/nofp\libm.a
END GROUP
START GROUP
LOAD C:/ST/STM32CubeIDE_1.14.0/STM32CubeIDE/plugins/com.st.stm32cube.ide.mcu.externaltools.gnu-tools-for-stm32.12.3.rel1.win32_1.0.100.202403111256/tools/bin/../lib/gcc/arm-none-eabi/12.3.1/thumb/v7-m/nofp\libgcc.a
LOAD C:/ST/STM32CubeIDE_1.14.0/STM32CubeIDE/plugins/com.st.stm32cube.ide.mcu.externaltools.gnu-tools-for-stm32.12.3.rel1.win32_1.0.100.202403111256/tools/bin/../lib/gcc/arm-none-eabi/12.3.1/../../../../arm-none-eabi/lib/thumb/v7-m/nofp\libg_nano.a
LOAD C:/ST/STM32CubeIDE_1.14.0/STM32CubeIDE/plugins/com.st.stm32cube.ide.mcu.externaltools.gnu-tools-for-stm32.12.3.rel1.win32_1.0.100.202403111256/tools/bin/../lib/gcc/arm-none-eabi/12.3.1/../../../../arm-none-eabi/lib/thumb/v7-m/nofp\libc_nano.a
END GROUP
START GROUP
LOAD C:/ST/STM32CubeIDE_1.14.0/STM32CubeIDE/plugins/com.st.stm32cube.ide.mcu.externaltools.gnu-tools-for-stm32.12.3.rel1.win32_1.0.100.202403111256/tools/bin/../lib/gcc/arm-none-eabi/12.3.1/thumb/v7-m/nofp\libgcc.a
LOAD C:/ST/STM32CubeIDE_1.14.0/STM32CubeIDE/plugins/com.st.stm32cube.ide.mcu.externaltools.gnu-tools-for-stm32.12.3.rel1.win32_1.0.100.202403111256/tools/bin/../lib/gcc/arm-none-eabi/12.3.1/../../../../arm-none-eabi/lib/thumb/v7-m/nofp\libc_nano.a
LOAD C:/ST/STM32CubeIDE_1.14.0/STM32CubeIDE/plugins/com.st.stm32cube.ide.mcu.externaltools.gnu-tools-for-stm32.12.3.rel1.win32_1.0.100.202403111256/tools/bin/../lib/gcc/arm-none-eabi/12.3.1/../../../../arm-none-eabi/lib/thumb/v7-m/nofp\libnosys.a
END GROUP
START GROUP
LOAD C:/ST/STM32CubeIDE_1.14.0/STM32CubeIDE/plugins/com.st.stm32cube.ide.mcu.externaltools.gnu-tools-for-stm32.12.3.rel1.win32_1.0.100.202403111256/tools/bin/../lib/gcc/arm-none-eabi/12.3.1/thumb/v7-m/nofp\libgcc.a
LOAD C:/ST/STM32CubeIDE_1.14.0/STM32CubeIDE/plugins/com.st.stm32cube.ide.mcu.externaltools.gnu-tools-for-stm32.12.3.rel1.win32_1.0.100.202403111256/tools/bin/../lib/gcc/arm-none-eabi/12.3.1/../../../../arm-none-eabi/lib/thumb/v7-m/nofp\libc_nano.a
LOAD C:/ST/STM32CubeIDE_1.14.0/STM32CubeIDE/plugins/com.st.stm32cube.ide.mcu.externaltools.gnu-tools-for-stm32.12.3.rel1.win32_1.0.100.202403111256/tools/bin/../lib/gcc/arm-none-eabi/12.3.1/../../../../arm-none-eabi/lib/thumb/v7-m/nofp\libnosys.a
END GROUP
LOAD C:/ST/STM32CubeIDE_1.14.0/STM32CubeIDE/plugins/com.st.stm32cube.ide.mcu.externaltools.gnu-tools-for-stm32.12.3.rel1.win32_1.0.100.202403111256/tools/bin/../lib/gcc/arm-none-eabi/12.3.1/thumb/v7-m/nofp/crtend.o
LOAD C:/ST/STM32CubeIDE_1.14.0/STM32CubeIDE/plugins/com.st.stm32cube.ide.mcu.externaltools.gnu-tools-for-stm32.12.3.rel1.win32_1.0.100.202403111256/tools/bin/../lib/gcc/arm-none-eabi/12.3.1/thumb/v7-m/nofp/crtn.o
                0x20002800                        _estack = (ORIGIN (RAM) + LENGTH (RAM))
                0x00000200                        _Min_Heap_Size = 0x200
                0x00000400                        _Min_Stack_Size = 0x400

.isr_vector     0x08000000      0x130
                0x08000000                        . = ALIGN (0x4)
 *(.isr_vector)
 .isr_vector    0x08000000      0x130 ./Startup/startup_stm32f103c6tx.o
                0x08000000                g_pfnVectors
                0x08000130                        . = ALIGN (0x4)

.text           0x08000130      0xbd4
                0x08000130                        . = ALIGN (0x4)
 *(.text)
 .text          0x08000130       0x40 C:/ST/STM32CubeIDE_1.14.0/STM32CubeIDE/plugins/com.st.stm32cube.ide.mcu.externaltools.gnu-tools-for-stm32.12.3.rel1.win32_1.0.100.202403111256/tools/bin/../lib/gcc/arm-none-eabi/12.3.1/thumb/v7-m/nofp/crtbegin.o
 *(.text*)
 .text.Keypad_Init
                0x08000170       0xe0 ./OFF-CHIP-DEVICES_DRIVERS/4x4-KEYPAD_DRIVER/Keypad.o
                0x08000170                Keypad_Init
 .text.Keypad_Get_Key
                0x08000250      0x180 ./OFF-CHIP-DEVICES_DRIVERS/4x4-KEYPAD_DRIVER/Keypad.o
                0x08000250                Keypad_Get_Key
 .text.LCD_Init
                0x080003d0      0x114 ./OFF-CHIP-DEVICES_DRIVERS/HD44780U-LCD_DRIVER/LCD.o
                0x080003d0                LCD_Init
 .text.LCD_Clear_Screen
                0x080004e4        0xe ./OFF-CHIP-DEVICES_DRIVERS/HD44780U-LCD_DRIVER/LCD.o
                0x080004e4                LCD_Clear_Screen
 *fill*         0x080004f2        0x2 
 .text.LCD_Write_Command
                0x080004f4       0xc4 ./OFF-CHIP-DEVICES_DRIVERS/HD44780U-LCD_DRIVER/LCD.o
                0x080004f4                LCD_Write_Command
 .text.LCD_Write_Char
                0x080005b8       0xc4 ./OFF-CHIP-DEVICES_DRIVERS/HD44780U-LCD_DRIVER/LCD.o
                0x080005b8                LCD_Write_Char
 .text.LCD_Write_String
                0x0800067c       0x5a ./OFF-CHIP-DEVICES_DRIVERS/HD44780U-LCD_DRIVER/LCD.o
                0x0800067c                LCD_Write_String
 *fill*         0x080006d6        0x2 
 .text.LCD_Check_Is_LCD_Busy
                0x080006d8      0x120 ./OFF-CHIP-DEVICES_DRIVERS/HD44780U-LCD_DRIVER/LCD.o
                0x080006d8                LCD_Check_Is_LCD_Busy
 .text.LCD_Kick
                0x080007f8       0x2c ./OFF-CHIP-DEVICES_DRIVERS/HD44780U-LCD_DRIVER/LCD.o
                0x080007f8                LCD_Kick
 .text.LCD_GoTo_XY
                0x08000824       0x4a ./OFF-CHIP-DEVICES_DRIVERS/HD44780U-LCD_DRIVER/LCD.o
                0x08000824                LCD_GoTo_XY
 *fill*         0x0800086e        0x2 
 .text.Get_CRLH_Position
                0x08000870      0x170 ./STM32_F103C6TX_DRIVERS/GPIO/STM32F103x6_GPIO_Driver.o
                0x08000870                Get_CRLH_Position
 .text.MCAL_GPIO_Init
                0x080009e0       0xf8 ./STM32_F103C6TX_DRIVERS/GPIO/STM32F103x6_GPIO_Driver.o
                0x080009e0                MCAL_GPIO_Init
 .text.MCAL_GPIO_ReadPin
                0x08000ad8       0x32 ./STM32_F103C6TX_DRIVERS/GPIO/STM32F103x6_GPIO_Driver.o
                0x08000ad8                MCAL_GPIO_ReadPin
 .text.MCAL_GPIO_WritePin
                0x08000b0a       0x2e ./STM32_F103C6TX_DRIVERS/GPIO/STM32F103x6_GPIO_Driver.o
                0x08000b0a                MCAL_GPIO_WritePin
 .text.MCAL_GPIO_WritePort
                0x08000b38       0x1c ./STM32_F103C6TX_DRIVERS/GPIO/STM32F103x6_GPIO_Driver.o
                0x08000b38                MCAL_GPIO_WritePort
 .text._wait_ms
                0x08000b54       0x3a ./Src/main.o
                0x08000b54                _wait_ms
 *fill*         0x08000b8e        0x2 
 .text.clock_init
                0x08000b90       0x28 ./Src/main.o
                0x08000b90                clock_init
 .text.main     0x08000bb8       0x98 ./Src/main.o
                0x08000bb8                main
 .text.Reset_Handler
                0x08000c50       0x50 ./Startup/startup_stm32f103c6tx.o
                0x08000c50                Reset_Handler
 .text.Default_Handler
                0x08000ca0        0x2 ./Startup/startup_stm32f103c6tx.o
                0x08000ca0                EXTI2_IRQHandler
                0x08000ca0                TIM8_TRG_COM_IRQHandler
                0x08000ca0                TIM8_CC_IRQHandler
                0x08000ca0                DebugMon_Handler
                0x08000ca0                TIM1_CC_IRQHandler
                0x08000ca0                HardFault_Handler
                0x08000ca0                TIM6_IRQHandler
                0x08000ca0                SysTick_Handler
                0x08000ca0                PVD_IRQHandler
                0x08000ca0                SDIO_IRQHandler
                0x08000ca0                PendSV_Handler
                0x08000ca0                NMI_Handler
                0x08000ca0                EXTI3_IRQHandler
                0x08000ca0                USB_HP_CAN_TX_IRQHandler
                0x08000ca0                EXTI0_IRQHandler
                0x08000ca0                I2C2_EV_IRQHandler
                0x08000ca0                UsageFault_Handler
                0x08000ca0                ADC1_2_IRQHandler
                0x08000ca0                SPI1_IRQHandler
                0x08000ca0                CAN_SCE_IRQHandler
                0x08000ca0                TAMPER_IRQHandler
                0x08000ca0                TIM8_UP_IRQHandler
                0x08000ca0                DMA2_Channel2_IRQHandler
                0x08000ca0                DMA1_Channel4_IRQHandler
                0x08000ca0                USART3_IRQHandler
                0x08000ca0                RTC_IRQHandler
                0x08000ca0                DMA1_Channel7_IRQHandler
                0x08000ca0                UART5_IRQHandler
                0x08000ca0                ADC3_IRQHandler
                0x08000ca0                TIM4_IRQHandler
                0x08000ca0                CAN_RX1_IRQHandler
                0x08000ca0                DMA2_Channel1_IRQHandler
                0x08000ca0                I2C1_EV_IRQHandler
                0x08000ca0                DMA1_Channel6_IRQHandler
                0x08000ca0                UART4_IRQHandler
                0x08000ca0                TIM3_IRQHandler
                0x08000ca0                RCC_IRQHandler
                0x08000ca0                TIM1_TRG_COM_IRQHandler
                0x08000ca0                DMA1_Channel1_IRQHandler
                0x08000ca0                Default_Handler
                0x08000ca0                EXTI15_10_IRQHandler
                0x08000ca0                TIM7_IRQHandler
                0x08000ca0                TIM5_IRQHandler
                0x08000ca0                EXTI9_5_IRQHandler
                0x08000ca0                SPI2_IRQHandler
                0x08000ca0                USB_LP_CAN_RX0_IRQHandler
                0x08000ca0                MemManage_Handler
                0x08000ca0                SVC_Handler
                0x08000ca0                DMA1_Channel5_IRQHandler
                0x08000ca0                EXTI4_IRQHandler
                0x08000ca0                DMA1_Channel3_IRQHandler
                0x08000ca0                FSMC_IRQHandler
                0x08000ca0                TIM1_UP_IRQHandler
                0x08000ca0                WWDG_IRQHandler
                0x08000ca0                TIM2_IRQHandler
                0x08000ca0                TIM1_BRK_IRQHandler
                0x08000ca0                EXTI1_IRQHandler
                0x08000ca0                RTCAlarm_IRQHandler
                0x08000ca0                DMA2_Channel4_5_IRQHandler
                0x08000ca0                USART2_IRQHandler
                0x08000ca0                I2C2_ER_IRQHandler
                0x08000ca0                DMA1_Channel2_IRQHandler
                0x08000ca0                TIM8_BRK_IRQHandler
                0x08000ca0                FLASH_IRQHandler
                0x08000ca0                BusFault_Handler
                0x08000ca0                USART1_IRQHandler
                0x08000ca0                SPI3_IRQHandler
                0x08000ca0                I2C1_ER_IRQHandler
                0x08000ca0                DMA2_Channel3_IRQHandler
 *fill*         0x08000ca2        0x2 
 .text.__libc_init_array
                0x08000ca4       0x48 C:/ST/STM32CubeIDE_1.14.0/STM32CubeIDE/plugins/com.st.stm32cube.ide.mcu.externaltools.gnu-tools-for-stm32.12.3.rel1.win32_1.0.100.202403111256/tools/bin/../lib/gcc/arm-none-eabi/12.3.1/../../../../arm-none-eabi/lib/thumb/v7-m/nofp\libc_nano.a(libc_a-init.o)
                0x08000ca4                __libc_init_array
 *(.glue_7)
 .glue_7        0x08000cec        0x0 linker stubs
 *(.glue_7t)
 .glue_7t       0x08000cec        0x0 linker stubs
 *(.eh_frame)
 .eh_frame      0x08000cec        0x0 C:/ST/STM32CubeIDE_1.14.0/STM32CubeIDE/plugins/com.st.stm32cube.ide.mcu.externaltools.gnu-tools-for-stm32.12.3.rel1.win32_1.0.100.202403111256/tools/bin/../lib/gcc/arm-none-eabi/12.3.1/thumb/v7-m/nofp/crtbegin.o
 *(.init)
 .init          0x08000cec        0x4 C:/ST/STM32CubeIDE_1.14.0/STM32CubeIDE/plugins/com.st.stm32cube.ide.mcu.externaltools.gnu-tools-for-stm32.12.3.rel1.win32_1.0.100.202403111256/tools/bin/../lib/gcc/arm-none-eabi/12.3.1/thumb/v7-m/nofp/crti.o
                0x08000cec                _init
 .init          0x08000cf0        0x8 C:/ST/STM32CubeIDE_1.14.0/STM32CubeIDE/plugins/com.st.stm32cube.ide.mcu.externaltools.gnu-tools-for-stm32.12.3.rel1.win32_1.0.100.202403111256/tools/bin/../lib/gcc/arm-none-eabi/12.3.1/thumb/v7-m/nofp/crtn.o
 *(.fini)
 .fini          0x08000cf8        0x4 C:/ST/STM32CubeIDE_1.14.0/STM32CubeIDE/plugins/com.st.stm32cube.ide.mcu.externaltools.gnu-tools-for-stm32.12.3.rel1.win32_1.0.100.202403111256/tools/bin/../lib/gcc/arm-none-eabi/12.3.1/thumb/v7-m/nofp/crti.o
                0x08000cf8                _fini
 .fini          0x08000cfc        0x8 C:/ST/STM32CubeIDE_1.14.0/STM32CubeIDE/plugins/com.st.stm32cube.ide.mcu.externaltools.gnu-tools-for-stm32.12.3.rel1.win32_1.0.100.202403111256/tools/bin/../lib/gcc/arm-none-eabi/12.3.1/thumb/v7-m/nofp/crtn.o
                0x08000d04                        . = ALIGN (0x4)
                0x08000d04                        _etext = .

.vfp11_veneer   0x08000d04        0x0
 .vfp11_veneer  0x08000d04        0x0 linker stubs

.v4_bx          0x08000d04        0x0
 .v4_bx         0x08000d04        0x0 linker stubs

.iplt           0x08000d04        0x0
 .iplt          0x08000d04        0x0 C:/ST/STM32CubeIDE_1.14.0/STM32CubeIDE/plugins/com.st.stm32cube.ide.mcu.externaltools.gnu-tools-for-stm32.12.3.rel1.win32_1.0.100.202403111256/tools/bin/../lib/gcc/arm-none-eabi/12.3.1/thumb/v7-m/nofp/crtbegin.o

.rodata         0x08000d04       0x24
                0x08000d04                        . = ALIGN (0x4)
 *(.rodata)
 .rodata        0x08000d04       0x23 ./Src/main.o
 *(.rodata*)
                0x08000d28                        . = ALIGN (0x4)
 *fill*         0x08000d27        0x1 

.ARM.extab      0x08000d28        0x0
                0x08000d28                        . = ALIGN (0x4)
 *(.ARM.extab* .gnu.linkonce.armextab.*)
                0x08000d28                        . = ALIGN (0x4)

.ARM            0x08000d28        0x0
                0x08000d28                        . = ALIGN (0x4)
                0x08000d28                        __exidx_start = .
 *(.ARM.exidx*)
                0x08000d28                        __exidx_end = .
                0x08000d28                        . = ALIGN (0x4)

.preinit_array  0x08000d28        0x0
                0x08000d28                        . = ALIGN (0x4)
                0x08000d28                        PROVIDE (__preinit_array_start = .)
 *(.preinit_array*)
                0x08000d28                        PROVIDE (__preinit_array_end = .)
                0x08000d28                        . = ALIGN (0x4)

.init_array     0x08000d28        0x4
                0x08000d28                        . = ALIGN (0x4)
                0x08000d28                        PROVIDE (__init_array_start = .)
 *(SORT_BY_NAME(.init_array.*))
 *(.init_array*)
 .init_array    0x08000d28        0x4 C:/ST/STM32CubeIDE_1.14.0/STM32CubeIDE/plugins/com.st.stm32cube.ide.mcu.externaltools.gnu-tools-for-stm32.12.3.rel1.win32_1.0.100.202403111256/tools/bin/../lib/gcc/arm-none-eabi/12.3.1/thumb/v7-m/nofp/crtbegin.o
                0x08000d2c                        PROVIDE (__init_array_end = .)
                0x08000d2c                        . = ALIGN (0x4)

.fini_array     0x08000d2c        0x4
                0x08000d2c                        . = ALIGN (0x4)
                [!provide]                        PROVIDE (__fini_array_start = .)
 *(SORT_BY_NAME(.fini_array.*))
 *(.fini_array*)
 .fini_array    0x08000d2c        0x4 C:/ST/STM32CubeIDE_1.14.0/STM32CubeIDE/plugins/com.st.stm32cube.ide.mcu.externaltools.gnu-tools-for-stm32.12.3.rel1.win32_1.0.100.202403111256/tools/bin/../lib/gcc/arm-none-eabi/12.3.1/thumb/v7-m/nofp/crtbegin.o
                [!provide]                        PROVIDE (__fini_array_end = .)
                0x08000d30                        . = ALIGN (0x4)
                0x08000d30                        _sidata = LOADADDR (.data)

.rel.dyn        0x08000d30        0x0
 .rel.iplt      0x08000d30        0x0 C:/ST/STM32CubeIDE_1.14.0/STM32CubeIDE/plugins/com.st.stm32cube.ide.mcu.externaltools.gnu-tools-for-stm32.12.3.rel1.win32_1.0.100.202403111256/tools/bin/../lib/gcc/arm-none-eabi/12.3.1/thumb/v7-m/nofp/crtbegin.o

.data           0x20000000       0x20 load address 0x08000d30
                0x20000000                        . = ALIGN (0x4)
                0x20000000                        _sdata = .
 *(.data)
 *(.data*)
 .data.Keypad_Rows
                0x20000000       0x10 ./OFF-CHIP-DEVICES_DRIVERS/4x4-KEYPAD_DRIVER/Keypad.o
                0x20000000                Keypad_Rows
 .data.Keypad_Cols
                0x20000010       0x10 ./OFF-CHIP-DEVICES_DRIVERS/4x4-KEYPAD_DRIVER/Keypad.o
                0x20000010                Keypad_Cols
 *(.RamFunc)
 *(.RamFunc*)
                0x20000020                        . = ALIGN (0x4)
                0x20000020                        _edata = .

.igot.plt       0x20000020        0x0 load address 0x08000d50
 .igot.plt      0x20000020        0x0 C:/ST/STM32CubeIDE_1.14.0/STM32CubeIDE/plugins/com.st.stm32cube.ide.mcu.externaltools.gnu-tools-for-stm32.12.3.rel1.win32_1.0.100.202403111256/tools/bin/../lib/gcc/arm-none-eabi/12.3.1/thumb/v7-m/nofp/crtbegin.o
                0x20000020                        . = ALIGN (0x4)

.bss            0x20000020       0x24 load address 0x08000d50
                0x20000020                        _sbss = .
                0x20000020                        __bss_start__ = _sbss
 *(.bss)
 .bss           0x20000020       0x1c C:/ST/STM32CubeIDE_1.14.0/STM32CubeIDE/plugins/com.st.stm32cube.ide.mcu.externaltools.gnu-tools-for-stm32.12.3.rel1.win32_1.0.100.202403111256/tools/bin/../lib/gcc/arm-none-eabi/12.3.1/thumb/v7-m/nofp/crtbegin.o
 *(.bss*)
 .bss.pin       0x2000003c        0x4 ./OFF-CHIP-DEVICES_DRIVERS/4x4-KEYPAD_DRIVER/Keypad.o
 .bss.pin       0x20000040        0x4 ./OFF-CHIP-DEVICES_DRIVERS/HD44780U-LCD_DRIVER/LCD.o
 *(COMMON)
                0x20000044                        . = ALIGN (0x4)
                0x20000044                        _ebss = .
                0x20000044                        __bss_end__ = _ebss

._user_heap_stack
                0x20000044      0x604 load address 0x08000d50
                0x20000048                        . = ALIGN (0x8)
 *fill*         0x20000044        0x4 
                [!provide]                        PROVIDE (end = .)
                0x20000048                        PROVIDE (_end = .)
                0x20000248                        . = (. + _Min_Heap_Size)
 *fill*         0x20000048      0x200 
                0x20000648                        . = (. + _Min_Stack_Size)
 *fill*         0x20000248      0x400 
                0x20000648                        . = ALIGN (0x8)

/DISCARD/
 libc.a(*)
 libm.a(*)
 libgcc.a(*)

.ARM.attributes
                0x00000000       0x29
 *(.ARM.attributes)
 .ARM.attributes
                0x00000000       0x1d C:/ST/STM32CubeIDE_1.14.0/STM32CubeIDE/plugins/com.st.stm32cube.ide.mcu.externaltools.gnu-tools-for-stm32.12.3.rel1.win32_1.0.100.202403111256/tools/bin/../lib/gcc/arm-none-eabi/12.3.1/thumb/v7-m/nofp/crti.o
 .ARM.attributes
                0x0000001d       0x2d C:/ST/STM32CubeIDE_1.14.0/STM32CubeIDE/plugins/com.st.stm32cube.ide.mcu.externaltools.gnu-tools-for-stm32.12.3.rel1.win32_1.0.100.202403111256/tools/bin/../lib/gcc/arm-none-eabi/12.3.1/thumb/v7-m/nofp/crtbegin.o
 .ARM.attributes
                0x0000004a       0x2d ./OFF-CHIP-DEVICES_DRIVERS/4x4-KEYPAD_DRIVER/Keypad.o
 .ARM.attributes
                0x00000077       0x2d ./OFF-CHIP-DEVICES_DRIVERS/HD44780U-LCD_DRIVER/LCD.o
 .ARM.attributes
                0x000000a4       0x2d ./STM32_F103C6TX_DRIVERS/GPIO/STM32F103x6_GPIO_Driver.o
 .ARM.attributes
                0x000000d1       0x2d ./Src/main.o
 .ARM.attributes
                0x000000fe       0x21 ./Startup/startup_stm32f103c6tx.o
 .ARM.attributes
                0x0000011f       0x2d C:/ST/STM32CubeIDE_1.14.0/STM32CubeIDE/plugins/com.st.stm32cube.ide.mcu.externaltools.gnu-tools-for-stm32.12.3.rel1.win32_1.0.100.202403111256/tools/bin/../lib/gcc/arm-none-eabi/12.3.1/../../../../arm-none-eabi/lib/thumb/v7-m/nofp\libc_nano.a(libc_a-init.o)
 .ARM.attributes
                0x0000014c       0x1d C:/ST/STM32CubeIDE_1.14.0/STM32CubeIDE/plugins/com.st.stm32cube.ide.mcu.externaltools.gnu-tools-for-stm32.12.3.rel1.win32_1.0.100.202403111256/tools/bin/../lib/gcc/arm-none-eabi/12.3.1/thumb/v7-m/nofp/crtn.o
OUTPUT(DRIVERS2.elf elf32-littlearm)
LOAD linker stubs
LOAD C:/ST/STM32CubeIDE_1.14.0/STM32CubeIDE/plugins/com.st.stm32cube.ide.mcu.externaltools.gnu-tools-for-stm32.12.3.rel1.win32_1.0.100.202403111256/tools/bin/../lib/gcc/arm-none-eabi/12.3.1/../../../../arm-none-eabi/lib/thumb/v7-m/nofp\libc.a
LOAD C:/ST/STM32CubeIDE_1.14.0/STM32CubeIDE/plugins/com.st.stm32cube.ide.mcu.externaltools.gnu-tools-for-stm32.12.3.rel1.win32_1.0.100.202403111256/tools/bin/../lib/gcc/arm-none-eabi/12.3.1/../../../../arm-none-eabi/lib/thumb/v7-m/nofp\libm.a
LOAD C:/ST/STM32CubeIDE_1.14.0/STM32CubeIDE/plugins/com.st.stm32cube.ide.mcu.externaltools.gnu-tools-for-stm32.12.3.rel1.win32_1.0.100.202403111256/tools/bin/../lib/gcc/arm-none-eabi/12.3.1/thumb/v7-m/nofp\libgcc.a

.debug_info     0x00000000      0xeac
 .debug_info    0x00000000      0x28b ./OFF-CHIP-DEVICES_DRIVERS/4x4-KEYPAD_DRIVER/Keypad.o
 .debug_info    0x0000028b      0x49e ./OFF-CHIP-DEVICES_DRIVERS/HD44780U-LCD_DRIVER/LCD.o
 .debug_info    0x00000729      0x4c8 ./STM32_F103C6TX_DRIVERS/GPIO/STM32F103x6_GPIO_Driver.o
 .debug_info    0x00000bf1      0x28b ./Src/main.o
 .debug_info    0x00000e7c       0x30 ./Startup/startup_stm32f103c6tx.o

.debug_abbrev   0x00000000      0x5ad
 .debug_abbrev  0x00000000      0x11c ./OFF-CHIP-DEVICES_DRIVERS/4x4-KEYPAD_DRIVER/Keypad.o
 .debug_abbrev  0x0000011c      0x1ba ./OFF-CHIP-DEVICES_DRIVERS/HD44780U-LCD_DRIVER/LCD.o
 .debug_abbrev  0x000002d6      0x16f ./STM32_F103C6TX_DRIVERS/GPIO/STM32F103x6_GPIO_Driver.o
 .debug_abbrev  0x00000445      0x14b ./Src/main.o
 .debug_abbrev  0x00000590       0x1d ./Startup/startup_stm32f103c6tx.o

.debug_loc      0x00000000      0x742
 .debug_loc     0x00000000       0x7c ./OFF-CHIP-DEVICES_DRIVERS/4x4-KEYPAD_DRIVER/Keypad.o
 .debug_loc     0x0000007c      0x2be ./OFF-CHIP-DEVICES_DRIVERS/HD44780U-LCD_DRIVER/LCD.o
 .debug_loc     0x0000033a      0x330 ./STM32_F103C6TX_DRIVERS/GPIO/STM32F103x6_GPIO_Driver.o
 .debug_loc     0x0000066a       0xd8 ./Src/main.o

.debug_aranges  0x00000000      0x150
 .debug_aranges
                0x00000000       0x28 ./OFF-CHIP-DEVICES_DRIVERS/4x4-KEYPAD_DRIVER/Keypad.o
 .debug_aranges
                0x00000028       0x70 ./OFF-CHIP-DEVICES_DRIVERS/HD44780U-LCD_DRIVER/LCD.o
 .debug_aranges
                0x00000098       0x60 ./STM32_F103C6TX_DRIVERS/GPIO/STM32F103x6_GPIO_Driver.o
 .debug_aranges
                0x000000f8       0x30 ./Src/main.o
 .debug_aranges
                0x00000128       0x28 ./Startup/startup_stm32f103c6tx.o

.debug_ranges   0x00000000      0x108
 .debug_ranges  0x00000000       0x18 ./OFF-CHIP-DEVICES_DRIVERS/4x4-KEYPAD_DRIVER/Keypad.o
 .debug_ranges  0x00000018       0x60 ./OFF-CHIP-DEVICES_DRIVERS/HD44780U-LCD_DRIVER/LCD.o
 .debug_ranges  0x00000078       0x50 ./STM32_F103C6TX_DRIVERS/GPIO/STM32F103x6_GPIO_Driver.o
 .debug_ranges  0x000000c8       0x20 ./Src/main.o
 .debug_ranges  0x000000e8       0x20 ./Startup/startup_stm32f103c6tx.o

.debug_macro    0x00000000     0x24b2
 .debug_macro   0x00000000      0x19f ./OFF-CHIP-DEVICES_DRIVERS/4x4-KEYPAD_DRIVER/Keypad.o
 .debug_macro   0x0000019f      0xaae ./OFF-CHIP-DEVICES_DRIVERS/4x4-KEYPAD_DRIVER/Keypad.o
 .debug_macro   0x00000c4d       0x22 ./OFF-CHIP-DEVICES_DRIVERS/4x4-KEYPAD_DRIVER/Keypad.o
 .debug_macro   0x00000c6f       0x5b ./OFF-CHIP-DEVICES_DRIVERS/4x4-KEYPAD_DRIVER/Keypad.o
 .debug_macro   0x00000cca       0x24 ./OFF-CHIP-DEVICES_DRIVERS/4x4-KEYPAD_DRIVER/Keypad.o
 .debug_macro   0x00000cee       0x94 ./OFF-CHIP-DEVICES_DRIVERS/4x4-KEYPAD_DRIVER/Keypad.o
 .debug_macro   0x00000d82       0x43 ./OFF-CHIP-DEVICES_DRIVERS/4x4-KEYPAD_DRIVER/Keypad.o
 .debug_macro   0x00000dc5       0x34 ./OFF-CHIP-DEVICES_DRIVERS/4x4-KEYPAD_DRIVER/Keypad.o
 .debug_macro   0x00000df9       0x16 ./OFF-CHIP-DEVICES_DRIVERS/4x4-KEYPAD_DRIVER/Keypad.o
 .debug_macro   0x00000e0f       0x57 ./OFF-CHIP-DEVICES_DRIVERS/4x4-KEYPAD_DRIVER/Keypad.o
 .debug_macro   0x00000e66       0x9e ./OFF-CHIP-DEVICES_DRIVERS/4x4-KEYPAD_DRIVER/Keypad.o
 .debug_macro   0x00000f04      0x369 ./OFF-CHIP-DEVICES_DRIVERS/4x4-KEYPAD_DRIVER/Keypad.o
 .debug_macro   0x0000126d      0x10b ./OFF-CHIP-DEVICES_DRIVERS/4x4-KEYPAD_DRIVER/Keypad.o
 .debug_macro   0x00001378       0x10 ./OFF-CHIP-DEVICES_DRIVERS/4x4-KEYPAD_DRIVER/Keypad.o
 .debug_macro   0x00001388       0x16 ./OFF-CHIP-DEVICES_DRIVERS/4x4-KEYPAD_DRIVER/Keypad.o
 .debug_macro   0x0000139e       0x43 ./OFF-CHIP-DEVICES_DRIVERS/4x4-KEYPAD_DRIVER/Keypad.o
 .debug_macro   0x000013e1       0x34 ./OFF-CHIP-DEVICES_DRIVERS/4x4-KEYPAD_DRIVER/Keypad.o
 .debug_macro   0x00001415       0x10 ./OFF-CHIP-DEVICES_DRIVERS/4x4-KEYPAD_DRIVER/Keypad.o
 .debug_macro   0x00001425       0x58 ./OFF-CHIP-DEVICES_DRIVERS/4x4-KEYPAD_DRIVER/Keypad.o
 .debug_macro   0x0000147d       0x8e ./OFF-CHIP-DEVICES_DRIVERS/4x4-KEYPAD_DRIVER/Keypad.o
 .debug_macro   0x0000150b       0x1c ./OFF-CHIP-DEVICES_DRIVERS/4x4-KEYPAD_DRIVER/Keypad.o
 .debug_macro   0x00001527      0x177 ./OFF-CHIP-DEVICES_DRIVERS/4x4-KEYPAD_DRIVER/Keypad.o
 .debug_macro   0x0000169e       0x16 ./OFF-CHIP-DEVICES_DRIVERS/4x4-KEYPAD_DRIVER/Keypad.o
 .debug_macro   0x000016b4       0x16 ./OFF-CHIP-DEVICES_DRIVERS/4x4-KEYPAD_DRIVER/Keypad.o
 .debug_macro   0x000016ca      0x146 ./OFF-CHIP-DEVICES_DRIVERS/4x4-KEYPAD_DRIVER/Keypad.o
 .debug_macro   0x00001810       0x16 ./OFF-CHIP-DEVICES_DRIVERS/4x4-KEYPAD_DRIVER/Keypad.o
 .debug_macro   0x00001826       0x35 ./OFF-CHIP-DEVICES_DRIVERS/4x4-KEYPAD_DRIVER/Keypad.o
 .debug_macro   0x0000185b       0x16 ./OFF-CHIP-DEVICES_DRIVERS/4x4-KEYPAD_DRIVER/Keypad.o
 .debug_macro   0x00001871       0x29 ./OFF-CHIP-DEVICES_DRIVERS/4x4-KEYPAD_DRIVER/Keypad.o
 .debug_macro   0x0000189a      0x103 ./OFF-CHIP-DEVICES_DRIVERS/4x4-KEYPAD_DRIVER/Keypad.o
 .debug_macro   0x0000199d       0x6a ./OFF-CHIP-DEVICES_DRIVERS/4x4-KEYPAD_DRIVER/Keypad.o
 .debug_macro   0x00001a07      0x1df ./OFF-CHIP-DEVICES_DRIVERS/4x4-KEYPAD_DRIVER/Keypad.o
 .debug_macro   0x00001be6      0x147 ./OFF-CHIP-DEVICES_DRIVERS/4x4-KEYPAD_DRIVER/Keypad.o
 .debug_macro   0x00001d2d       0xd0 ./OFF-CHIP-DEVICES_DRIVERS/4x4-KEYPAD_DRIVER/Keypad.o
 .debug_macro   0x00001dfd       0x40 ./OFF-CHIP-DEVICES_DRIVERS/4x4-KEYPAD_DRIVER/Keypad.o
 .debug_macro   0x00001e3d      0x19f ./OFF-CHIP-DEVICES_DRIVERS/HD44780U-LCD_DRIVER/LCD.o
 .debug_macro   0x00001fdc       0xac ./OFF-CHIP-DEVICES_DRIVERS/HD44780U-LCD_DRIVER/LCD.o
 .debug_macro   0x00002088      0x190 ./STM32_F103C6TX_DRIVERS/GPIO/STM32F103x6_GPIO_Driver.o
 .debug_macro   0x00002218      0x1a2 ./Src/main.o
 .debug_macro   0x000023ba       0x46 ./Src/main.o
 .debug_macro   0x00002400       0xb2 ./Src/main.o

.debug_line     0x00000000     0x2191
 .debug_line    0x00000000      0x7e9 ./OFF-CHIP-DEVICES_DRIVERS/4x4-KEYPAD_DRIVER/Keypad.o
 .debug_line    0x000007e9      0x970 ./OFF-CHIP-DEVICES_DRIVERS/HD44780U-LCD_DRIVER/LCD.o
 .debug_line    0x00001159      0x885 ./STM32_F103C6TX_DRIVERS/GPIO/STM32F103x6_GPIO_Driver.o
 .debug_line    0x000019de      0x72f ./Src/main.o
 .debug_line    0x0000210d       0x84 ./Startup/startup_stm32f103c6tx.o

.debug_str      0x00000000     0x88d3
 .debug_str     0x00000000     0x834c ./OFF-CHIP-DEVICES_DRIVERS/4x4-KEYPAD_DRIVER/Keypad.o
                               0x8565 (size before relaxing)
 .debug_str     0x0000834c      0x3fa ./OFF-CHIP-DEVICES_DRIVERS/HD44780U-LCD_DRIVER/LCD.o
                               0x887e (size before relaxing)
 .debug_str     0x00008746      0x11f ./STM32_F103C6TX_DRIVERS/GPIO/STM32F103x6_GPIO_Driver.o
                               0x859f (size before relaxing)
 .debug_str     0x00008865       0x2f ./Src/main.o
                               0x87e3 (size before relaxing)
 .debug_str     0x00008894       0x3f ./Startup/startup_stm32f103c6tx.o
                                 0x8c (size before relaxing)

.comment        0x00000000       0x43
 .comment       0x00000000       0x43 ./OFF-CHIP-DEVICES_DRIVERS/4x4-KEYPAD_DRIVER/Keypad.o
                                 0x44 (size before relaxing)
 .comment       0x00000043       0x44 ./OFF-CHIP-DEVICES_DRIVERS/HD44780U-LCD_DRIVER/LCD.o
 .comment       0x00000043       0x44 ./STM32_F103C6TX_DRIVERS/GPIO/STM32F103x6_GPIO_Driver.o
 .comment       0x00000043       0x44 ./Src/main.o

.debug_frame    0x00000000      0x3e4
 .debug_frame   0x00000000       0x50 ./OFF-CHIP-DEVICES_DRIVERS/4x4-KEYPAD_DRIVER/Keypad.o
 .debug_frame   0x00000050      0x17c ./OFF-CHIP-DEVICES_DRIVERS/HD44780U-LCD_DRIVER/LCD.o
 .debug_frame   0x000001cc      0x174 ./STM32_F103C6TX_DRIVERS/GPIO/STM32F103x6_GPIO_Driver.o
 .debug_frame   0x00000340       0x78 ./Src/main.o
 .debug_frame   0x000003b8       0x2c C:/ST/STM32CubeIDE_1.14.0/STM32CubeIDE/plugins/com.st.stm32cube.ide.mcu.externaltools.gnu-tools-for-stm32.12.3.rel1.win32_1.0.100.202403111256/tools/bin/../lib/gcc/arm-none-eabi/12.3.1/../../../../arm-none-eabi/lib/thumb/v7-m/nofp\libc_nano.a(libc_a-init.o)
