
Memory Configuration

Name             Origin             Length             Attributes
flash            0x00000000         0x00020000         xr
sram             0x20000000         0x00005000         xrw
*default*        0x00000000         0xffffffff

Linker script and memory map


.text           0x00000000      0x18c
 *(.vectors*)
 .vectors       0x00000000       0x1c startup.o
                0x00000000                G_arr_ptr_fn
 *(.text)
 .text          0x0000001c       0xbc startup.o
                0x0000001c                Bus_fault_handler
                0x0000001c                Default_handler
                0x0000001c                Usage_fault_handler
                0x0000001c                MM_fault_handler
                0x0000001c                H_fault_handler
                0x0000001c                NMI_handler
                0x00000028                Reset_handler
 .text          0x000000d8       0xb4 main.o
                0x000000d8                main
 *(.rodata)
                0x0000018c                . = ALIGN (0x4)
                0x0000018c                _E_text = .

.glue_7         0x0000018c        0x0
 .glue_7        0x00000000        0x0 linker stubs

.glue_7t        0x0000018c        0x0
 .glue_7t       0x00000000        0x0 linker stubs

.vfp11_veneer   0x0000018c        0x0
 .vfp11_veneer  0x00000000        0x0 linker stubs

.v4_bx          0x0000018c        0x0
 .v4_bx         0x00000000        0x0 linker stubs

.iplt           0x0000018c        0x0
 .iplt          0x00000000        0x0 startup.o

.rel.dyn        0x0000018c        0x0
 .rel.iplt      0x00000000        0x0 startup.o

.data           0x20000000        0x0 load address 0x0000018c
                0x20000000                _S_data = .
 *(.data)
 .data          0x20000000        0x0 startup.o
 .data          0x20000000        0x0 main.o
                0x20000000                . = ALIGN (0x4)
                0x20000000                _E_data = .

.igot.plt       0x20000000        0x0 load address 0x0000018c
 .igot.plt      0x00000000        0x0 startup.o

.bss            0x20000000      0x400 load address 0x0000018c
                0x20000000                . = ALIGN (0x4)
                0x20000000                _S_bss = .
 *(.bss*)
 .bss           0x20000000      0x400 startup.o
 .bss           0x20000400        0x0 main.o
 startup.o(.bss*)
                0x20000400                . = ALIGN (0x4)
                0x20000400                _E_bss = .
LOAD main.o
LOAD startup.o
OUTPUT(LED_toggle_TM4C123x_cortex-m4.elf elf32-littlearm)

.debug_info     0x00000000      0x2c1
 .debug_info    0x00000000      0x189 startup.o
 .debug_info    0x00000189      0x138 main.o

.debug_abbrev   0x00000000      0x19f
 .debug_abbrev  0x00000000       0xc6 startup.o
 .debug_abbrev  0x000000c6       0xd9 main.o

.debug_loc      0x00000000       0x9c
 .debug_loc     0x00000000       0x64 startup.o
 .debug_loc     0x00000064       0x38 main.o

.debug_aranges  0x00000000       0x40
 .debug_aranges
                0x00000000       0x20 startup.o
 .debug_aranges
                0x00000020       0x20 main.o

.debug_line     0x00000000       0xd0
 .debug_line    0x00000000       0x6a startup.o
 .debug_line    0x0000006a       0x66 main.o

.debug_str      0x00000000      0x18c
 .debug_str     0x00000000      0x138 startup.o
                                0x171 (size before relaxing)
 .debug_str     0x00000138       0x54 main.o
                                0x141 (size before relaxing)

.comment        0x00000000       0x11
 .comment       0x00000000       0x11 startup.o
                                 0x12 (size before relaxing)
 .comment       0x00000000       0x12 main.o

.ARM.attributes
                0x00000000       0x33
 .ARM.attributes
                0x00000000       0x33 startup.o
 .ARM.attributes
                0x00000033       0x33 main.o

.debug_frame    0x00000000       0x78
 .debug_frame   0x00000000       0x4c startup.o
 .debug_frame   0x0000004c       0x2c main.o
