
There are no discarded input sections

Memory Configuration

Name             Origin             Length             Attributes
flash            0x08000000         0x00020000         xr
sram             0x20000000         0x00005000         xrw
*default*        0x00000000         0xffffffff

Linker script and memory map


.text           0x08000000      0x320
 *(.vectors*)
 .vectors       0x08000000       0x1c startup.o
                0x08000000                vectors
 *(.text)
 .text          0x0800001c       0x80 Alarm_Actuator_Driver.o
                0x0800001c                Raise_Alarm
                0x08000038                Stop_Alarm
                0x08000054                St_Alarm_Actuator_Driver_init
                0x0800006c                St_Alarm_Actuator_Driver_Alarm_OFF
                0x08000084                St_Alarm_Actuator_Driver_Alarm_ON
 .text          0x0800009c      0x188 Main_System_Algorithm.o
                0x0800009c                GPIO_INITIALIZATION
                0x080000ec                Delay
                0x0800010e                setup
                0x08000138                main
                0x0800014c                St_Main_System_Algorithm_processing
                0x080001b4                St_Main_System_Algorithm_High_Pressure_Detected
                0x080001e8                St_Main_System_Algorithm_Alarm_Monitoring
 .text          0x08000224       0x6c Pressure_Sensor_Driver.o
                0x08000224                Read_From_Pressure_Sensor
                0x0800023c                St_Pressure_Sensor_Driver_init
                0x08000254                St_Pressure_Sensor_Driver_reading
                0x08000278                St_Pressure_Sensor_Driver_waiting
 .text          0x08000290       0x90 startup.o
                0x08000290                Bus_fault_handler
                0x08000290                Default_handler
                0x08000290                Usage_fault_handler
                0x08000290                MM_fault_handler
                0x08000290                H_fault_handler
                0x08000290                NMI_handler
                0x0800029c                Reset_handler
 *(.rodata)
                0x08000320                        . = ALIGN (0x4)
                0x08000320                        _E_text = .

.glue_7         0x08000320        0x0
 .glue_7        0x08000320        0x0 linker stubs

.glue_7t        0x08000320        0x0
 .glue_7t       0x08000320        0x0 linker stubs

.vfp11_veneer   0x08000320        0x0
 .vfp11_veneer  0x08000320        0x0 linker stubs

.v4_bx          0x08000320        0x0
 .v4_bx         0x08000320        0x0 linker stubs

.iplt           0x08000320        0x0
 .iplt          0x08000320        0x0 Alarm_Actuator_Driver.o

.rel.dyn        0x08000320        0x0
 .rel.iplt      0x08000320        0x0 Alarm_Actuator_Driver.o

.data           0x20000000       0x18 load address 0x08000320
                0x20000000                        _S_data = .
 *(.data)
 .data          0x20000000        0x4 Alarm_Actuator_Driver.o
                0x20000000                Alarm_Actuator_Driver_state_ptr
 .data          0x20000004       0x10 Main_System_Algorithm.o
                0x20000004                pressure
                0x20000008                pressure_ptr
                0x2000000c                Threshold
                0x20000010                Main_System_Algorithm_state_ptr
 .data          0x20000014        0x4 Pressure_Sensor_Driver.o
                0x20000014                Pressure_Sensor_Driver_state_ptr
 .data          0x20000018        0x0 startup.o
                0x20000018                        . = ALIGN (0x4)
                0x20000018                        _E_data = .

.igot.plt       0x20000018        0x0 load address 0x08000338
 .igot.plt      0x20000018        0x0 Alarm_Actuator_Driver.o

.bss            0x20000018     0x1004 load address 0x08000338
                0x20000018                        . = ALIGN (0x4)
                0x20000018                        _S_bss = .
 *(.bss*)
 .bss           0x20000018        0x1 Alarm_Actuator_Driver.o
                0x20000018                Alarm_Actuator_Driver_state_id
 .bss           0x20000019        0x1 Main_System_Algorithm.o
                0x20000019                Main_System_Algorithm_state_id
 .bss           0x2000001a        0x1 Pressure_Sensor_Driver.o
                0x2000001a                Pressure_Sensor_Driver_state_id
 .bss           0x2000001b        0x0 startup.o
                0x2000001c                        . = ALIGN (0x4)
 *fill*         0x2000001b        0x1 
                0x2000001c                        _E_bss = .
                0x2000101c                        . = (. + 0x1000)
 *fill*         0x2000001c     0x1000 
                0x2000101c                        . = ALIGN (0x4)
                0x2000101c                        _stack_top = .
LOAD Alarm_Actuator_Driver.o
LOAD Main_System_Algorithm.o
LOAD Pressure_Sensor_Driver.o
LOAD startup.o
OUTPUT(High_Pressure_Monitoring_STM32F103C6.elf elf32-littlearm)
LOAD linker stubs

.debug_info     0x00000000      0x68a
 .debug_info    0x00000000      0x15d Alarm_Actuator_Driver.o
 .debug_info    0x0000015d      0x23d Main_System_Algorithm.o
 .debug_info    0x0000039a      0x15f Pressure_Sensor_Driver.o
 .debug_info    0x000004f9      0x191 startup.o

.debug_abbrev   0x00000000      0x3c4
 .debug_abbrev  0x00000000       0xcf Alarm_Actuator_Driver.o
 .debug_abbrev  0x000000cf      0x129 Main_System_Algorithm.o
 .debug_abbrev  0x000001f8       0xe9 Pressure_Sensor_Driver.o
 .debug_abbrev  0x000002e1       0xe3 startup.o

.debug_loc      0x00000000      0x414
 .debug_loc     0x00000000      0x124 Alarm_Actuator_Driver.o
 .debug_loc     0x00000124      0x17c Main_System_Algorithm.o
 .debug_loc     0x000002a0       0xf8 Pressure_Sensor_Driver.o
 .debug_loc     0x00000398       0x7c startup.o

.debug_aranges  0x00000000       0x80
 .debug_aranges
                0x00000000       0x20 Alarm_Actuator_Driver.o
 .debug_aranges
                0x00000020       0x20 Main_System_Algorithm.o
 .debug_aranges
                0x00000040       0x20 Pressure_Sensor_Driver.o
 .debug_aranges
                0x00000060       0x20 startup.o

.debug_line     0x00000000      0x643
 .debug_line    0x00000000      0x165 Alarm_Actuator_Driver.o
 .debug_line    0x00000165      0x20e Main_System_Algorithm.o
 .debug_line    0x00000373      0x16a Pressure_Sensor_Driver.o
 .debug_line    0x000004dd      0x166 startup.o

.debug_str      0x00000000      0x457
 .debug_str     0x00000000      0x457 Alarm_Actuator_Driver.o
                                0x277 (size before relaxing)
 .debug_str     0x00000457      0x3ac Main_System_Algorithm.o
 .debug_str     0x00000457      0x28a Pressure_Sensor_Driver.o
 .debug_str     0x00000457      0x1c9 startup.o

.comment        0x00000000       0x44
 .comment       0x00000000       0x44 Alarm_Actuator_Driver.o
                                 0x45 (size before relaxing)
 .comment       0x00000044       0x45 Main_System_Algorithm.o
 .comment       0x00000044       0x45 Pressure_Sensor_Driver.o
 .comment       0x00000044       0x45 startup.o

.ARM.attributes
                0x00000000       0x2d
 .ARM.attributes
                0x00000000       0x2d Alarm_Actuator_Driver.o
 .ARM.attributes
                0x0000002d       0x2d Main_System_Algorithm.o
 .ARM.attributes
                0x0000005a       0x2d Pressure_Sensor_Driver.o
 .ARM.attributes
                0x00000087       0x2d startup.o

.debug_frame    0x00000000      0x26c
 .debug_frame   0x00000000       0xa8 Alarm_Actuator_Driver.o
 .debug_frame   0x000000a8       0xe4 Main_System_Algorithm.o
 .debug_frame   0x0000018c       0x90 Pressure_Sensor_Driver.o
 .debug_frame   0x0000021c       0x50 startup.o
